Archive member included because of file (symbol)

./../Platform/Sensors/debug/libSensors_efm32_debug.a(Accelerometer.o)
                              C:/xdk-cloud-twice/debug/objects/acceldata.o (Accelerometer_init)
./../Platform/Sensors/debug/libSensors_efm32_debug.a(Environmental.o)
                              C:/xdk-cloud-twice/debug/objects/envdata.o (Environmental_init)
./../Platform/Sensors/debug/libSensors_efm32_debug.a(EnvironmentalUtils.o)
                              ./../Platform/Sensors/debug/libSensors_efm32_debug.a(Environmental.o) (SetAmbientTemperatureOffset)
./../Platform/Sensors/debug/libSensors_efm32_debug.a(Gyroscope.o)
                              C:/xdk-cloud-twice/debug/objects/gyrodata.o (Gyroscope_init)
./../Platform/Sensors/debug/libSensors_efm32_debug.a(LightSensor.o)
                              C:/xdk-cloud-twice/debug/objects/lightdata.o (LightSensor_init)
./../Platform/Sensors/debug/libSensors_efm32_debug.a(Magnetometer.o)
                              C:/xdk-cloud-twice/debug/objects/magnetodata.o (Magnetometer_init)
./../Platform/BSP/debug/libBSP_efm32_debug.a(BSP_LED.o)
                              C:/xdk-cloud-twice/debug/objects/source/SystemStartup.o (BSP_LED_Connect)
./../Platform/BSP/debug/libBSP_efm32_debug.a(BSP_USB.o)
                              C:/xdk-cloud-twice/debug/objects/source/RetargetStdio.o (RETARGET_WriteChar)
./../Platform/BSP/debug/libBSP_efm32_debug.a(BSP_Board.o)
                              C:/xdk-cloud-twice/debug/objects/source/SystemStartup.o (BSP_Board_OSTickInitialize)
./../Platform/BSP/debug/libBSP_efm32_debug.a(BSP_Button.o)
                              C:/xdk-cloud-twice/debug/objects/xdkbutton.o (BSP_Button_Connect)
./../Platform/BSP/debug/libBSP_efm32_debug.a(BSP_DMA.o)
                              ./../Platform/BSP/debug/libBSP_efm32_debug.a(BSP_Board.o) (BSP_DMA_Initialize)
./../Platform/BSP/debug/libBSP_efm32_debug.a(BSP_IrqHandler.o)
                              ./../Platform/BSP/debug/libBSP_efm32_debug.a(BSP_Board.o) (IrqHandler_SysTickDummyHandler)
./../Platform/BSP/debug/libBSP_efm32_debug.a(BSP_ExtensionPort.o)
                              ./../Platform/BSP/debug/libBSP_efm32_debug.a(BSP_IrqHandler.o) (BSP_ExtensionPort_I2cIsr)
./../Platform/BSP/debug/libBSP_efm32_debug.a(BSP_WiFi_cc3100mod.o)
                              ./../Platform/BSP/debug/libBSP_efm32_debug.a(BSP_IrqHandler.o) (WiFi_CC3100MOD_SPIRxISR)
./../Platform/BSP/debug/libBSP_efm32_debug.a(BSP_BT_EM9301.o)
                              ./../Platform/BSP/debug/libBSP_efm32_debug.a(BSP_IrqHandler.o) (BT_EM9301_UART_TxISR)
./../Platform/BSP/debug/libBSP_efm32_debug.a(BSP_SensorNode.o)
                              ./../Platform/BSP/debug/libBSP_efm32_debug.a(BSP_IrqHandler.o) (SensorNode_I2CISR)
./../Platform/BSP/debug/libBSP_efm32_debug.a(BSP_SDCard.o)
                              ./../Platform/BSP/debug/libBSP_efm32_debug.a(BSP_IrqHandler.o) (SDCard_SPIRxISR)
./../Libraries/FreeRTOS/debug/libFreeRTOS_efm32_debug.a(queue.o)
                              C:/xdk-cloud-twice/debug/objects/tasks.o (xQueueCreateMutex)
./../Libraries/FreeRTOS/debug/libFreeRTOS_efm32_debug.a(tasks.o)
                              C:/xdk-cloud-twice/debug/objects/tasks.o (xTaskGenericCreate)
./../Libraries/FreeRTOS/debug/libFreeRTOS_efm32_debug.a(timers.o)
                              ./../Libraries/FreeRTOS/debug/libFreeRTOS_efm32_debug.a(tasks.o) (xTimerCreateTimerTask)
./../Libraries/FreeRTOS/debug/libFreeRTOS_efm32_debug.a(heap_4.o)
                              ./../Libraries/FreeRTOS/debug/libFreeRTOS_efm32_debug.a(queue.o) (pvPortMalloc)
./../Libraries/FreeRTOS/debug/libFreeRTOS_efm32_debug.a(port.o)
                              ./../Libraries/FreeRTOS/debug/libFreeRTOS_efm32_debug.a(tasks.o) (pxPortInitialiseStack)
./../Libraries/FreeRTOS/debug/libFreeRTOS_efm32_debug.a(list.o)
                              ./../Libraries/FreeRTOS/debug/libFreeRTOS_efm32_debug.a(queue.o) (vListInitialise)
./../Libraries/EMlib/debug/libEMLib_efm32_debug.a(em_adc.o)
                              ./../Platform/BSP/debug/libBSP_efm32_debug.a(BSP_Board.o) (ADC_Init)
./../Libraries/EMlib/debug/libEMLib_efm32_debug.a(em_cmu.o)
                              ./../Platform/BSP/debug/libBSP_efm32_debug.a(BSP_Board.o) (CMU_ClockDivSet)
./../Libraries/EMlib/debug/libEMLib_efm32_debug.a(em_msc.o)
                              ./../Platform/BSP/debug/libBSP_efm32_debug.a(BSP_Board.o) (MSC_Init)
./../Libraries/EMlib/debug/libEMLib_efm32_debug.a(em_dma.o)
                              ./../Platform/BSP/debug/libBSP_efm32_debug.a(BSP_DMA.o) (DMA_Reset)
./../Libraries/EMlib/debug/libEMLib_efm32_debug.a(em_emu.o)
                              ./../Libraries/EMlib/debug/libEMLib_efm32_debug.a(em_cmu.o) (EMU_UpdateOscConfig)
./../Libraries/EMlib/debug/libEMLib_efm32_debug.a(em_gpio.o)
[...]
Memory Configuration

Name             Origin             Length             Attributes
FLASH            0x00010000         0x000f0000         xr
RAM              0x20000000         0x00020000         xrw
*default*        0x00000000         0xffffffff

Linker script and memory map

LOAD c:/xdk-workbench-3.3/xdk/armgcc/bin/../lib/gcc/arm-none-eabi/4.7.4/armv7-m/crti.o
LOAD c:/xdk-workbench-3.3/xdk/armgcc/bin/../lib/gcc/arm-none-eabi/4.7.4/armv7-m/crtbegin.o
LOAD c:/xdk-workbench-3.3/xdk/armgcc/bin/../lib/gcc/arm-none-eabi/4.7.4/../../../../arm-none-eabi/lib/armv7-m/crt0.o
LOAD C:/xdk-cloud-twice/debug/objects/source/Assert.o
LOAD C:/xdk-cloud-twice/debug/objects/source/RetargetStdio.o
LOAD C:/xdk-cloud-twice/debug/objects/source/BleDeviceInfoService.o
LOAD C:/xdk-cloud-twice/debug/objects/source/cJSON.o
LOAD C:/xdk-cloud-twice/debug/objects/source/UsbResetUtility.o
LOAD C:/xdk-cloud-twice/debug/objects/source/SensorHandle.o
LOAD C:/xdk-cloud-twice/debug/objects/source/SystemStartup.o
LOAD C:/xdk-cloud-twice/debug/objects/source/XdkVersion.o
LOAD C:/xdk-cloud-twice/debug/objects/legacy/source/ServalPAL_WiFi.o
LOAD C:/xdk-cloud-twice/debug/objects/./../Libraries/EMlib/3rd-party/EMLib/usb/src/em_usbdint.o
LOAD C:/xdk-cloud-twice/debug/objects/main.o
LOAD C:/xdk-cloud-twice/debug/objects/envdata.o
LOAD C:/xdk-cloud-twice/debug/objects/acceldata.o
LOAD C:/xdk-cloud-twice/debug/objects/lightdata.o
LOAD C:/xdk-cloud-twice/debug/objects/gyrodata.o
LOAD C:/xdk-cloud-twice/debug/objects/magnetodata.o
LOAD C:/xdk-cloud-twice/debug/objects/wifi.o
LOAD C:/xdk-cloud-twice/debug/objects/xdkbutton.o
LOAD C:/xdk-cloud-twice/debug/objects/leds.o
LOAD C:/xdk-cloud-twice/debug/objects/controls.o
LOAD C:/xdk-cloud-twice/debug/objects/tasks.o
LOAD C:/xdk-cloud-twice/debug/objects/xdkwdog.o
LOAD C:/xdk-cloud-twice/debug/objects/processcheck_task.o
LOAD C:/xdk-cloud-twice/debug/objects/sensordata.o
LOAD C:/xdk-cloud-twice/debug/objects/MQTTClient.o
LOAD C:/xdk-cloud-twice/debug/objects/MQTTXDK.o
LOAD C:/xdk-cloud-twice/debug/objects/mqtt.o
LOAD C:/xdk-cloud-twice/debug/objects/jsmn/jsmn.o
LOAD C:/xdk-cloud-twice/debug/objects/mqtt/MQTTPacket.o
LOAD C:/xdk-cloud-twice/debug/objects/mqtt/MQTTConnectClient.o
LOAD C:/xdk-cloud-twice/debug/objects/mqtt/MQTTDeserializePublish.o
LOAD C:/xdk-cloud-twice/debug/objects/mqtt/MQTTSubscribeClient.o
LOAD C:/xdk-cloud-twice/debug/objects/mqtt/MQTTSerializePublish.o
LOAD C:/xdk-cloud-twice/debug/objects/settings.o
LOAD C:/xdk-cloud-twice/debug/objects/startup_efm32gg.o
START GROUP
LOAD ./../Platform/SensorUtils/debug/libSensorUtils_efm32_debug.a
LOAD ./../Platform/Sensors/debug/libSensors_efm32_debug.a
LOAD ./../Platform/BSP/debug/libBSP_efm32_debug.a
LOAD ./../Libraries/FreeRTOS/debug/libFreeRTOS_efm32_debug.a
LOAD ./../Libraries/EMlib/debug/libEMLib_efm32_debug.a
LOAD ./../Libraries/BSTLib/debug/libBSTLib_efm32_debug.a
LOAD ./../Libraries/WiFi/debug/libWiFi_efm32_debug.a
LOAD ./../Libraries/FATfs/debug/libFATfs_efm32_debug.a
LOAD ./../Platform/Essentials/release/libEssentials_efm32.a
LOAD ./../Platform/Utils/release/libUtils_efm32.a
LOAD ./../Platform/Drivers/release/libDrivers_efm32.a
LOAD ./../Platform/FOTA/release/libFOTA_efm32.a
LOAD ./../Platform/Wlan/release/libWlan_efm32.a
LOAD ./../Platform/BLE/release/libBLE_efm32.a
LOAD ./../Platform/SensorToolbox/release/libSensorToolbox_efm32.a
LOAD ./../Libraries/BLEStack/3rd-party/Alpwise/ALPW-BLESDKCM3/BLESW_AlertNotification/Libraries/BLESW_ANP_Server_CM3.a
LOAD ./../Libraries/BLEStack/3rd-party/Alpwise/ALPW-BLESDKCM3/BLESW_AlertNotification/Libraries/BLESW_ANP_Client_CM3.a
LOAD ./../Libraries/BLEStack/3rd-party/Alpwise/ALPW-BLESDKCM3/BLESW_ALPWDataExchange/Libraries/BLESW_ALPWDEP_Server_CM3.a
LOAD ./../Libraries/BLEStack/3rd-party/Alpwise/ALPW-BLESDKCM3/BLESW_ALPWDataExchange/Libraries/BLESW_ALPWDEP_Client_CM3.a
LOAD ./../Libraries/BLEStack/3rd-party/Alpwise/ALPW-BLESDKCM3/BLESW_AppleNotificationCenter/Libraries/BLESW_ANCP_Consumer_CM3.a
LOAD ./../Libraries/BLEStack/3rd-party/Alpwise/ALPW-BLESDKCM3/BLESW_BloodPressure/Libraries/BLESW_BLP_Sensor_CM3.a
LOAD ./../Libraries/BLEStack/3rd-party/Alpwise/ALPW-BLESDKCM3/BLESW_BloodPressure/Libraries/BLESW_BLP_Collector_CM3.a
LOAD ./../Libraries/BLEStack/3rd-party/Alpwise/ALPW-BLESDKCM3/BLESW_CoreStack/Libraries/BLESW_CPS_CM3.a
LOAD ./../Libraries/BLEStack/3rd-party/Alpwise/ALPW-BLESDKCM3/BLESW_CoreStack/Libraries/BLESW_CoreStack_CM3.a
LOAD ./../Libraries/BLEStack/3rd-party/Alpwise/ALPW-BLESDKCM3/BLESW_CoreStack/Libraries/BLESW_CSCS_CM3.a
LOAD ./../Libraries/BLEStack/3rd-party/Alpwise/ALPW-BLESDKCM3/BLESW_CoreStack/Libraries/BLESW_RTUS_CM3.a
LOAD ./../Libraries/BLEStack/3rd-party/Alpwise/ALPW-BLESDKCM3/BLESW_CoreStack/Libraries/BLESW_HRS_CM3.a
LOAD ./../Libraries/BLEStack/3rd-party/Alpwise/ALPW-BLESDKCM3/BLESW_CoreStack/Libraries/BLESW_CTS_CM3.a
LOAD ./../Libraries/BLEStack/3rd-party/Alpwise/ALPW-BLESDKCM3/BLESW_CoreStack/Libraries/BLESW_CoreStack_Monitor_CM3.a
LOAD ./../Libraries/BLEStack/3rd-party/Alpwise/ALPW-BLESDKCM3/BLESW_CoreStack/Libraries/BLESW_UDS_CM3.a
LOAD ./../Libraries/BLEStack/3rd-party/Alpwise/ALPW-BLESDKCM3/BLESW_CoreStack/Libraries/BLESW_NDCS_CM3.a
LOAD ./../Libraries/BLEStack/3rd-party/Alpwise/ALPW-BLESDKCM3/BLESW_CoreStack/Libraries/BLESW_TPS_CM3.a
LOAD ./../Libraries/BLEStack/3rd-party/Alpwise/ALPW-BLESDKCM3/BLESW_CoreStack/Libraries/BLESW_BLS_CM3.a
LOAD ./../Libraries/BLEStack/3rd-party/Alpwise/ALPW-BLESDKCM3/BLESW_CoreStack/Libraries/BLESW_LNS_CM3.a
LOAD ./../Libraries/BLEStack/3rd-party/Alpwise/ALPW-BLESDKCM3/BLESW_CoreStack/Libraries/BLESW_LLS_CM3.a
LOAD ./../Libraries/BLEStack/3rd-party/Alpwise/ALPW-BLESDKCM3/BLESW_CoreStack/Libraries/BLESW_WSS_CM3.a
LOAD ./../Libraries/BLEStack/3rd-party/Alpwise/ALPW-BLESDKCM3/BLESW_CoreStack/Libraries/BLESW_RSCS_CM3.a
LOAD ./../Libraries/BLEStack/3rd-party/Alpwise/ALPW-BLESDKCM3/BLESW_CoreStack/Libraries/BLESW_BAS_CM3.a
LOAD ./../Libraries/BLEStack/3rd-party/Alpwise/ALPW-BLESDKCM3/BLESW_CoreStack/Libraries/BLESW_IAS_CM3.a
LOAD ./../Libraries/BLEStack/3rd-party/Alpwise/ALPW-BLESDKCM3/BLESW_CoreStack/Libraries/BLESW_PASS_CM3.a
LOAD ./../Libraries/BLEStack/3rd-party/Alpwise/ALPW-BLESDKCM3/BLESW_CoreStack/Libraries/BLESW_HTS_CM3.a
LOAD ./../Libraries/BLEStack/3rd-party/Alpwise/ALPW-BLESDKCM3/BLESW_CoreStack/Libraries/BLESW_ALPWDES_CM3.a
LOAD ./../Libraries/BLEStack/3rd-party/Alpwise/ALPW-BLESDKCM3/BLESW_CoreStack/Libraries/BLESW_BCS_CM3.a
LOAD ./../Libraries/BLEStack/3rd-party/Alpwise/ALPW-BLESDKCM3/BLESW_CoreStack/Libraries/BLESW_ANS_CM3.a
LOAD ./../Libraries/BLEStack/3rd-party/Alpwise/ALPW-BLESDKCM3/BLESW_CoreStack/Libraries/BLESW_HIDS_CM3.a
LOAD ./../Libraries/BLEStack/3rd-party/Alpwise/ALPW-BLESDKCM3/BLESW_CoreStack/Libraries/BLESW_GLS_CM3.a
LOAD ./../Libraries/BLEStack/3rd-party/Alpwise/ALPW-BLESDKCM3/BLESW_CoreStack/Libraries/BLESW_NWAS_CM3.a
LOAD ./../Libraries/BLEStack/3rd-party/Alpwise/ALPW-BLESDKCM3/BLESW_CoreStack/Libraries/BLESW_DIS_CM3.a
LOAD ./../Libraries/BLEStack/3rd-party/Alpwise/ALPW-BLESDKCM3/BLESW_CyclingPower/Libraries/BLESW_CPP_Sensor_CM3.a
LOAD ./../Libraries/BLEStack/3rd-party/Alpwise/ALPW-BLESDKCM3/BLESW_CyclingPower/Libraries/BLESW_CPP_Collector_CM3.a
LOAD ./../Libraries/BLEStack/3rd-party/Alpwise/ALPW-BLESDKCM3/BLESW_CyclingSpeedAndCadence/Libraries/BLESW_CSCP_Sensor_CM3.a
LOAD ./../Libraries/BLEStack/3rd-party/Alpwise/ALPW-BLESDKCM3/BLESW_CyclingSpeedAndCadence/Libraries/BLESW_CSCP_Collector_CM3.a
LOAD ./../Libraries/BLEStack/3rd-party/Alpwise/ALPW-BLESDKCM3/BLESW_FindMe/Libraries/BLESW_FMP_Target_CM3.a
LOAD ./../Libraries/BLEStack/3rd-party/Alpwise/ALPW-BLESDKCM3/BLESW_FindMe/Libraries/BLESW_FMP_Locator_CM3.a
LOAD ./../Libraries/BLEStack/3rd-party/Alpwise/ALPW-BLESDKCM3/BLESW_Glucose/Libraries/BLESW_GLP_Sensor_CM3.a
LOAD ./../Libraries/BLEStack/3rd-party/Alpwise/ALPW-BLESDKCM3/BLESW_Glucose/Libraries/BLESW_GLP_Collector_CM3.a
LOAD ./../Libraries/BLEStack/3rd-party/Alpwise/ALPW-BLESDKCM3/BLESW_HealthThermometer/Libraries/BLESW_HTP_Thermometer_CM3.a
LOAD ./../Libraries/BLEStack/3rd-party/Alpwise/ALPW-BLESDKCM3/BLESW_HealthThermometer/Libraries/BLESW_HTP_Collector_CM3.a
LOAD ./../Libraries/BLEStack/3rd-party/Alpwise/ALPW-BLESDKCM3/BLESW_HeartRate/Libraries/BLESW_HRP_Sensor_CM3.a
LOAD ./../Libraries/BLEStack/3rd-party/Alpwise/ALPW-BLESDKCM3/BLESW_HeartRate/Libraries/BLESW_HRP_Collector_CM3.a
LOAD ./../Libraries/BLEStack/3rd-party/Alpwise/ALPW-BLESDKCM3/BLESW_HumanInterfaceDevice/Libraries/BLESW_HID_Device_CM3.a
LOAD ./../Libraries/BLEStack/3rd-party/Alpwise/ALPW-BLESDKCM3/BLESW_HumanInterfaceDevice/Libraries/BLESW_HID_Host_CM3.a
LOAD ./../Libraries/BLEStack/3rd-party/Alpwise/ALPW-BLESDKCM3/BLESW_iBeacon/Libraries/BLESW_IBN_Reporter_CM3.a
LOAD ./../Libraries/BLEStack/3rd-party/Alpwise/ALPW-BLESDKCM3/BLESW_LocationAndNavigation/Libraries/BLESW_LNP_Sensor_CM3.a
LOAD ./../Libraries/BLEStack/3rd-party/Alpwise/ALPW-BLESDKCM3/BLESW_LocationAndNavigation/Libraries/BLESW_LNP_Collector_CM3.a
LOAD ./../Libraries/BLEStack/3rd-party/Alpwise/ALPW-BLESDKCM3/BLESW_NetworkAvailability/Libraries/BLESW_NWAP_Monitor_CM3.a
LOAD ./../Libraries/BLEStack/3rd-party/Alpwise/ALPW-BLESDKCM3/BLESW_NetworkAvailability/Libraries/BLESW_NWAP_Reporter_CM3.a
LOAD ./../Libraries/BLEStack/3rd-party/Alpwise/ALPW-BLESDKCM3/BLESW_PhoneAlertStatus/Libraries/BLESW_PASP_Client_CM3.a
LOAD ./../Libraries/BLEStack/3rd-party/Alpwise/ALPW-BLESDKCM3/BLESW_PhoneAlertStatus/Libraries/BLESW_PASP_Server_CM3.a
LOAD ./../Libraries/BLEStack/3rd-party/Alpwise/ALPW-BLESDKCM3/BLESW_Proximity/Libraries/BLESW_PXP_Reporter_CM3.a
LOAD ./../Libraries/BLEStack/3rd-party/Alpwise/ALPW-BLESDKCM3/BLESW_Proximity/Libraries/BLESW_PXP_Monitor_CM3.a
LOAD ./../Libraries/BLEStack/3rd-party/Alpwise/ALPW-BLESDKCM3/BLESW_RunningSpeedAndCadence/Libraries/BLESW_RSCP_Sensor_CM3.a
LOAD ./../Libraries/BLEStack/3rd-party/Alpwise/ALPW-BLESDKCM3/BLESW_RunningSpeedAndCadence/Libraries/BLESW_RSCP_Collector_CM3.a
LOAD ./../Libraries/BLEStack/3rd-party/Alpwise/ALPW-BLESDKCM3/BLESW_Time/Libraries/BLESW_TIP_Server_CM3.a
LOAD ./../Libraries/BLEStack/3rd-party/Alpwise/ALPW-BLESDKCM3/BLESW_Time/Libraries/BLESW_TIP_Client_CM3.a
LOAD ./../Libraries/EMlib/3rd-party/EMLib/CMSIS/Lib/GCC/libarm_cortexM3l_math.a
LOAD ./../Libraries/BSX/BSX4/Source/algo/algo_bsx/Lib/libalgobsxm3/libalgobsx.a
LOAD ./../Platform/LoRaDrivers/release/libLoRaDrivers_efm32.a
LOAD ./../Platform/ServalPAL/release/libServalPal_efm32.a
LOAD ./../Libraries/Escrypt_CycurTLS/release/libEscrypt_CycurTLS_efm32.a
END GROUP
START GROUP
LOAD c:/xdk-workbench-3.3/xdk/armgcc/bin/../lib/gcc/arm-none-eabi/4.7.4/armv7-m\libgcc.a
LOAD c:/xdk-workbench-3.3/xdk/armgcc/bin/../lib/gcc/arm-none-eabi/4.7.4/../../../../arm-none-eabi/lib/armv7-m\libc.a
LOAD c:/xdk-workbench-3.3/xdk/armgcc/bin/../lib/gcc/arm-none-eabi/4.7.4/../../../../arm-none-eabi/lib/armv7-m\libm.a
END GROUP
START GROUP
LOAD c:/xdk-workbench-3.3/xdk/armgcc/bin/../lib/gcc/arm-none-eabi/4.7.4/armv7-m\libgcc.a
LOAD c:/xdk-workbench-3.3/xdk/armgcc/bin/../lib/gcc/arm-none-eabi/4.7.4/../../../../arm-none-eabi/lib/armv7-m\libc.a
END GROUP
LOAD c:/xdk-workbench-3.3/xdk/armgcc/bin/../lib/gcc/arm-none-eabi/4.7.4/armv7-m/crtend.o
LOAD c:/xdk-workbench-3.3/xdk/armgcc/bin/../lib/gcc/arm-none-eabi/4.7.4/armv7-m/crtn.o

.text           0x00010000    0x332f8
 *(.isr_vector)
 .isr_vector    0x00010000      0x100 C:/xdk-cloud-twice/debug/objects/startup_efm32gg.o
                0x00010000                __isr_vector
 *(.text*)
 .text          0x00010100       0x54 c:/xdk-workbench-3.3/xdk/armgcc/bin/../lib/gcc/arm-none-eabi/4.7.4/armv7-m/crtbegin.o
 .text          0x00010154       0x70 c:/xdk-workbench-3.3/xdk/armgcc/bin/../lib/gcc/arm-none-eabi/4.7.4/../../../../arm-none-eabi/lib/armv7-m/crt0.o
                0x00010154                _start
                0x00010154                start
                0x00010154                _mainCRTStartup
 .text.Assert_Initialize
                0x000101c4       0x40 C:/xdk-cloud-twice/debug/objects/source/Assert.o
                0x000101c4                Assert_Initialize
 .text.Assert_Dynamic
                0x00010204       0x2c C:/xdk-cloud-twice/debug/objects/source/Assert.o
                0x00010204                Assert_Dynamic
 .text._close   0x00010230       0x18 C:/xdk-cloud-twice/debug/objects/source/RetargetStdio.o
                0x00010230                _close
 .text._exit    0x00010248        0xc C:/xdk-cloud-twice/debug/objects/source/RetargetStdio.o
                0x00010248                _exit
 .text._fstat   0x00010254       0x24 C:/xdk-cloud-twice/debug/objects/source/RetargetStdio.o
                0x00010254                _fstat
 .text._isatty  0x00010278       0x18 C:/xdk-cloud-twice/debug/objects/source/RetargetStdio.o
                0x00010278                _isatty
 .text._lseek   0x00010290       0x1c C:/xdk-cloud-twice/debug/objects/source/RetargetStdio.o
                0x00010290                _lseek
 .text._read    0x000102ac       0x70 C:/xdk-cloud-twice/debug/objects/source/RetargetStdio.o
                0x000102ac                _read
 .text._sbrk    0x0001031c       0xa0 C:/xdk-cloud-twice/debug/objects/source/RetargetStdio.o
                0x0001031c                _sbrk
 .text._write   0x000103bc       0x20 C:/xdk-cloud-twice/debug/objects/source/RetargetStdio.o
                0x000103bc                _write
 .text.NVIC_SystemReset
                0x000103dc       0x30 C:/xdk-cloud-twice/debug/objects/source/UsbResetUtility.o
 .text.UsbResetUtility_SystemReset
                0x0001040c       0x10 C:/xdk-cloud-twice/debug/objects/source/UsbResetUtility.o
 .text.UsbResetUtility_InteruptHandling
                0x0001041c       0x54 C:/xdk-cloud-twice/debug/objects/source/UsbResetUtility.o
 .text.UsbResetUtility_Init
                0x00010470       0x40 C:/xdk-cloud-twice/debug/objects/source/UsbResetUtility.o
                0x00010470                UsbResetUtility_Init
 .text.UsbResetUtility_UsbISRCallback
                0x000104b0      0x138 C:/xdk-cloud-twice/debug/objects/source/UsbResetUtility.o
                0x000104b0                UsbResetUtility_UsbISRCallback
 .text.Retcode_GetPackage
                0x000105e8       0x1c C:/xdk-cloud-twice/debug/objects/source/SystemStartup.o
 .text.Retcode_GetModuleId
                0x00010604       0x1c C:/xdk-cloud-twice/debug/objects/source/SystemStartup.o
 .text.Retcode_GetSeverity
                0x00010620       0x24 C:/xdk-cloud-twice/debug/objects/source/SystemStartup.o
 .text.Retcode_GetCode
                0x00010644       0x20 C:/xdk-cloud-twice/debug/objects/source/SystemStartup.o
 .text.bleGetMacAddress
                0x00010664       0xec C:/xdk-cloud-twice/debug/objects/source/SystemStartup.o
 .text.SysTickPreCallback
                0x00010750       0x14 C:/xdk-cloud-twice/debug/objects/source/SystemStartup.o
 .text.DefaultErrorHandlingFunc
                0x00010764       0xf4 C:/xdk-cloud-twice/debug/objects/source/SystemStartup.o
                0x00010764                DefaultErrorHandlingFunc
 .text.assertIndicationMapping
                0x00010858       0x44 C:/xdk-cloud-twice/debug/objects/source/SystemStartup.o
                0x00010858                assertIndicationMapping
 .text.systemStartup
                0x0001089c      0x154 C:/xdk-cloud-twice/debug/objects/source/SystemStartup.o
                0x0001089c                systemStartup
 .text.vApplicationStackOverflowHook
                0x000109f0       0x5c C:/xdk-cloud-twice/debug/objects/source/SystemStartup.o
                0x000109f0                vApplicationStackOverflowHook
 .text.vApplicationMallocFailedHook
                0x00010a4c       0x14 C:/xdk-cloud-twice/debug/objects/source/SystemStartup.o
                0x00010a4c                vApplicationMallocFailedHook
 .text.INT_Disable
                0x00010a60       0x40 C:/xdk-cloud-twice/debug/objects/./../Libraries/EMlib/3rd-party/EMLib/usb/src/em_usbdint.o
 .text.INT_Enable
                0x00010aa0       0x54 C:/xdk-cloud-twice/debug/objects/./../Libraries/EMlib/3rd-party/EMLib/usb/src/em_usbdint.o
 .text.USBHAL_FlushTxFifo
                0x00010af4       0x4c C:/xdk-cloud-twice/debug/objects/./../Libraries/EMlib/3rd-party/EMLib/usb/src/em_usbdint.o
 .text.USBHAL_GetCoreInts
                0x00010b40       0x40 C:/xdk-cloud-twice/debug/objects/./../Libraries/EMlib/3rd-party/EMLib/usb/src/em_usbdint.o
 .text.USBDHAL_EnableInts
                0x00010b80       0x70 C:/xdk-cloud-twice/debug/objects/./../Libraries/EMlib/3rd-party/EMLib/usb/src/em_usbdint.o
 .text.USBDHAL_Ep0Activate
                0x00010bf0       0x70 C:/xdk-cloud-twice/debug/objects/./../Libraries/EMlib/3rd-party/EMLib/usb/src/em_usbdint.o
 .text.USBDHAL_GetAllInEpInts
                0x00010c60       0x48 C:/xdk-cloud-twice/debug/objects/./../Libraries/EMlib/3rd-party/EMLib/usb/src/em_usbdint.o
 .text.USBDHAL_GetAllOutEpInts
                0x00010ca8       0x44 C:/xdk-cloud-twice/debug/objects/./../Libraries/EMlib/3rd-party/EMLib/usb/src/em_usbdint.o
 .text.USBDHAL_GetInEpInts
                0x00010cec       0x44 C:/xdk-cloud-twice/debug/objects/./../Libraries/EMlib/3rd-party/EMLib/usb/src/em_usbdint.o
 .text.USBDHAL_GetOutEpInts
                0x00010d30       0x44 C:/xdk-cloud-twice/debug/objects/./../Libraries/EMlib/3rd-party/EMLib/usb/src/em_usbdint.o
 .text.USBDHAL_StartEp0Setup
                0x00010d74       0x88 C:/xdk-cloud-twice/debug/objects/./../Libraries/EMlib/3rd-party/EMLib/usb/src/em_usbdint.o
 .text.USBD_GetEpFromAddr
                0x00010dfc       0xa0 C:/xdk-cloud-twice/debug/objects/./../Libraries/EMlib/3rd-party/EMLib/usb/src/em_usbdint.o
 .text.USB_IRQHandler
                0x00010e9c      0x16c C:/xdk-cloud-twice/debug/objects/./../Libraries/EMlib/3rd-party/EMLib/usb/src/em_usbdint.o
                0x00010e9c                USB_IRQHandler
 .text.Handle_USB_GINTSTS_ENUMDONE
                0x00011008       0x3c C:/xdk-cloud-twice/debug/objects/./../Libraries/EMlib/3rd-party/EMLib/usb/src/em_usbdint.o
 .text.Handle_USB_GINTSTS_IEPINT
                0x00011044      0x118 C:/xdk-cloud-twice/debug/objects/./../Libraries/EMlib/3rd-party/EMLib/usb/src/em_usbdint.o
 .text.Handle_USB_GINTSTS_OEPINT
                0x0001115c      0x230 C:/xdk-cloud-twice/debug/objects/./../Libraries/EMlib/3rd-party/EMLib/usb/src/em_usbdint.o
 .text.Handle_USB_GINTSTS_RESETDET
                0x0001138c       0x40 C:/xdk-cloud-twice/debug/objects/./../Libraries/EMlib/3rd-party/EMLib/usb/src/em_usbdint.o
 .text.Handle_USB_GINTSTS_SOF
                0x000113cc       0x64 C:/xdk-cloud-twice/debug/objects/./../Libraries/EMlib/3rd-party/EMLib/usb/src/em_usbdint.o
 .text.Handle_USB_GINTSTS_USBRST
                0x00011430      0x150 C:/xdk-cloud-twice/debug/objects/./../Libraries/EMlib/3rd-party/EMLib/usb/src/em_usbdint.o
 .text.Handle_USB_GINTSTS_USBSUSP
                0x00011580       0x68 C:/xdk-cloud-twice/debug/objects/./../Libraries/EMlib/3rd-party/EMLib/usb/src/em_usbdint.o
 .text.Handle_USB_GINTSTS_WKUPINT
                0x000115e8       0x30 C:/xdk-cloud-twice/debug/objects/./../Libraries/EMlib/3rd-party/EMLib/usb/src/em_usbdint.o
 .text.main     0x00011618       0xa8 C:/xdk-cloud-twice/debug/objects/main.o
                0x00011618                main
 .text.appInitSystem
                0x000116c0       0x58 C:/xdk-cloud-twice/debug/objects/main.o
                0x000116c0                appInitSystem
 .text.FillEnvData
                0x00011718      0x100 C:/xdk-cloud-twice/debug/objects/envdata.o
 .text.EnvPrivateInit
                0x00011818       0x1c C:/xdk-cloud-twice/debug/objects/envdata.o
 .text.EnvSensorInit
                0x00011834       0x2c C:/xdk-cloud-twice/debug/objects/envdata.o
                0x00011834                EnvSensorInit
 .text.EnvSensorGetData
                0x00011860       0xe4 C:/xdk-cloud-twice/debug/objects/envdata.o
                0x00011860                EnvSensorGetData
 .text.FillAccelData
                0x00011944      0x15c C:/xdk-cloud-twice/debug/objects/acceldata.o
 .text.AccelPrivateInit
                0x00011aa0       0x1c C:/xdk-cloud-twice/debug/objects/acceldata.o
 .text.AccelInit
                0x00011abc       0x2c C:/xdk-cloud-twice/debug/objects/acceldata.o
                0x00011abc                AccelInit
 .text.AccelGetData
                0x00011ae8       0xc4 C:/xdk-cloud-twice/debug/objects/acceldata.o
                0x00011ae8                AccelGetData
 .text.FillLightData
                0x00011bac       0x7c C:/xdk-cloud-twice/debug/objects/lightdata.o
 .text.LightPrivateInit
                0x00011c28       0x1c C:/xdk-cloud-twice/debug/objects/lightdata.o
                0x00011c28                LightPrivateInit
 .text.LightInit
                0x00011c44       0x2c C:/xdk-cloud-twice/debug/objects/lightdata.o
                0x00011c44                LightInit
 .text.LightGetData
                0x00011c70       0xa8 C:/xdk-cloud-twice/debug/objects/lightdata.o
                0x00011c70                LightGetData
 .text.FillGyroData
                0x00011d18      0x1f4 C:/xdk-cloud-twice/debug/objects/gyrodata.o
 .text.GyroPrivateInit
                0x00011f0c       0x1c C:/xdk-cloud-twice/debug/objects/gyrodata.o
 .text.GyroInit
                0x00011f28       0x2c C:/xdk-cloud-twice/debug/objects/gyrodata.o
                0x00011f28                GyroInit
 .text.GyroGetData
                0x00011f54       0xe8 C:/xdk-cloud-twice/debug/objects/gyrodata.o
                0x00011f54                GyroGetData
 .text.FillMagnetoData
                0x0001203c      0x108 C:/xdk-cloud-twice/debug/objects/magnetodata.o
 .text.PrivateInit
                0x00012144       0x1c C:/xdk-cloud-twice/debug/objects/magnetodata.o
                0x00012144                PrivateInit
 .text.MagnetoInit
                0x00012160       0x2c C:/xdk-cloud-twice/debug/objects/magnetodata.o
                0x00012160                MagnetoInit
 .text.MagnetoGetData
                0x0001218c       0xd0 C:/xdk-cloud-twice/debug/objects/magnetodata.o
                0x0001218c                MagnetoGetData
 .text.WiFiInit
                0x0001225c      0x16c C:/xdk-cloud-twice/debug/objects/wifi.o
                0x0001225c                WiFiInit
 .text.processButton1Data
                0x000123c8       0xb0 C:/xdk-cloud-twice/debug/objects/xdkbutton.o
 .text.processButton2Data
                0x00012478       0xb0 C:/xdk-cloud-twice/debug/objects/xdkbutton.o
 .text.Button1Callback
                0x00012528       0x1c C:/xdk-cloud-twice/debug/objects/xdkbutton.o
                0x00012528                Button1Callback
 .text.Button2Callback
                0x00012544       0x1c C:/xdk-cloud-twice/debug/objects/xdkbutton.o
                0x00012544                Button2Callback
 .text.ButtonInitialize
                0x00012560       0x8c C:/xdk-cloud-twice/debug/objects/xdkbutton.o
                0x00012560                ButtonInitialize
 .text.FillButtonData
                0x000125ec       0xcc C:/xdk-cloud-twice/debug/objects/xdkbutton.o
 .text.ButtonGetData
                0x000126b8       0x24 C:/xdk-cloud-twice/debug/objects/xdkbutton.o
                0x000126b8                ButtonGetData
 .text.LedInit  0x000126dc       0x74 C:/xdk-cloud-twice/debug/objects/leds.o
                0x000126dc                LedInit
 .text.LedSet   0x00012750       0x2c C:/xdk-cloud-twice/debug/objects/leds.o
                0x00012750                LedSet
 .text.IsName   0x0001277c       0x30 C:/xdk-cloud-twice/debug/objects/controls.o
 .text.CommandConfigHandler
                0x000127ac      0x1f4 C:/xdk-cloud-twice/debug/objects/controls.o
                0x000127ac                CommandConfigHandler
 .text.LedControl
                0x000129a0      0x138 C:/xdk-cloud-twice/debug/objects/controls.o
 .text.PeriodControl
                0x00012ad8       0xe4 C:/xdk-cloud-twice/debug/objects/controls.o
 .text.Tasks_init
                0x00012bbc      0x14c C:/xdk-cloud-twice/debug/objects/tasks.o
                0x00012bbc                Tasks_init
 .text.Tasks_Uptime
                0x00012d08       0x74 C:/xdk-cloud-twice/debug/objects/tasks.o
 .text.Tasks_stateMachine
                0x00012d7c      0x1c0 C:/xdk-cloud-twice/debug/objects/tasks.o
 .text.Tick     0x00012f3c       0xec C:/xdk-cloud-twice/debug/objects/tasks.o
 .text.Tasks_PublishPeriod
                0x00013028       0x2c C:/xdk-cloud-twice/debug/objects/tasks.o
                0x00013028                Tasks_PublishPeriod
 .text.Tasks_CommandHandlerInit
                0x00013054       0x78 C:/xdk-cloud-twice/debug/objects/tasks.o
 .text.XdkWDog_Init
                0x000130cc       0x74 C:/xdk-cloud-twice/debug/objects/xdkwdog.o
                0x000130cc                XdkWDog_Init
 .text.XdkWdog_Feed
                0x00013140        0xc C:/xdk-cloud-twice/debug/objects/xdkwdog.o
                0x00013140                XdkWdog_Feed
 .text.XdkWdog_RestartByWdog
                0x0001314c       0x60 C:/xdk-cloud-twice/debug/objects/xdkwdog.o
                0x0001314c                XdkWdog_RestartByWdog
 .text.ProcessCheck_RegisterProc
                0x000131ac       0xa8 C:/xdk-cloud-twice/debug/objects/processcheck_task.o
                0x000131ac                ProcessCheck_RegisterProc
 .text.ProcessCheck_ControlFlag
                0x00013254       0x58 C:/xdk-cloud-twice/debug/objects/processcheck_task.o
                0x00013254                ProcessCheck_ControlFlag
 .text.SensorInit
                0x000132ac       0x58 C:/xdk-cloud-twice/debug/objects/sensordata.o
                0x000132ac                SensorInit
 .text.SensorDataClear
                0x00013304       0x68 C:/xdk-cloud-twice/debug/objects/sensordata.o
                0x00013304                SensorDataClear
 .text.NewMessageData
                0x0001336c       0x24 C:/xdk-cloud-twice/debug/objects/MQTTClient.o
                0x0001336c                NewMessageData
 .text.getNextPacketId
                0x00013390       0x38 C:/xdk-cloud-twice/debug/objects/MQTTClient.o
                0x00013390                getNextPacketId
 .text.sendPacket
                0x000133c8       0xb0 C:/xdk-cloud-twice/debug/objects/MQTTClient.o
                0x000133c8                sendPacket
 .text.MQTTClient
                0x00013478       0x88 C:/xdk-cloud-twice/debug/objects/MQTTClient.o
                0x00013478                MQTTClient
 .text.decodePacket
                0x00013500       0xa0 C:/xdk-cloud-twice/debug/objects/MQTTClient.o
                0x00013500                decodePacket
 .text.readPacket
                0x000135a0       0xdc C:/xdk-cloud-twice/debug/objects/MQTTClient.o
                0x000135a0                readPacket
 .text.isTopicMatched
                0x0001367c       0xe0 C:/xdk-cloud-twice/debug/objects/MQTTClient.o
                0x0001367c                isTopicMatched
 .text.deliverMessage
                0x0001375c       0xf4 C:/xdk-cloud-twice/debug/objects/MQTTClient.o
                0x0001375c                deliverMessage
 .text.keepalive
                0x00013850       0x94 C:/xdk-cloud-twice/debug/objects/MQTTClient.o
                0x00013850                keepalive
 .text.cycle    0x000138e4      0x1d4 C:/xdk-cloud-twice/debug/objects/MQTTClient.o
                0x000138e4                cycle
 .text.MQTTYield
                0x00013ab8       0x60 C:/xdk-cloud-twice/debug/objects/MQTTClient.o
                0x00013ab8                MQTTYield
 .text.waitfor  0x00013b18       0x40 C:/xdk-cloud-twice/debug/objects/MQTTClient.o
                0x00013b18                waitfor
 .text.MQTTConnect
                0x00013b58      0x124 C:/xdk-cloud-twice/debug/objects/MQTTClient.o
                0x00013b58                MQTTConnect
 .text.MQTTSubscribe
                0x00013c7c      0x174 C:/xdk-cloud-twice/debug/objects/MQTTClient.o
                0x00013c7c                MQTTSubscribe
 .text.MQTTPublish
                0x00013df0      0x198 C:/xdk-cloud-twice/debug/objects/MQTTClient.o
                0x00013df0                MQTTPublish
 .text.expired  0x00013f88       0x28 C:/xdk-cloud-twice/debug/objects/MQTTXDK.o
                0x00013f88                expired
 .text.countdown_ms
                0x00013fb0       0x20 C:/xdk-cloud-twice/debug/objects/MQTTXDK.o
                0x00013fb0                countdown_ms
 .text.countdown
                0x00013fd0       0x28 C:/xdk-cloud-twice/debug/objects/MQTTXDK.o
                0x00013fd0                countdown
 .text.left_ms  0x00013ff8       0x28 C:/xdk-cloud-twice/debug/objects/MQTTXDK.o
                0x00013ff8                left_ms
 .text.InitTimer
                0x00014020       0x1c C:/xdk-cloud-twice/debug/objects/MQTTXDK.o
                0x00014020                InitTimer
 .text.xdk_read
                0x0001403c       0xc8 C:/xdk-cloud-twice/debug/objects/MQTTXDK.o
                0x0001403c                xdk_read
 .text.xdk_write
                0x00014104       0xa4 C:/xdk-cloud-twice/debug/objects/MQTTXDK.o
                0x00014104                xdk_write
 .text.xdk_disconnect
                0x000141a8       0x20 C:/xdk-cloud-twice/debug/objects/MQTTXDK.o
                0x000141a8                xdk_disconnect
 .text.NewNetwork
                0x000141c8       0x40 C:/xdk-cloud-twice/debug/objects/MQTTXDK.o
                0x000141c8                NewNetwork
 .text.TLSConnectNetwork
                0x00014208      0x174 C:/xdk-cloud-twice/debug/objects/MQTTXDK.o
                0x00014208                TLSConnectNetwork
 .text.ConnectNetwork
                0x0001437c       0xc0 C:/xdk-cloud-twice/debug/objects/MQTTXDK.o
                0x0001437c                ConnectNetwork
 .text.MqttInit
                0x0001443c       0x84 C:/xdk-cloud-twice/debug/objects/mqtt.o
                0x0001443c                MqttInit
 .text.MqttSendData
                0x000144c0      0x150 C:/xdk-cloud-twice/debug/objects/mqtt.o
                0x000144c0                MqttSendData
 .text.MqttSubscribe
                0x00014610      0x14c C:/xdk-cloud-twice/debug/objects/mqtt.o
                0x00014610                MqttSubscribe
 .text.MqttConnect
                0x0001475c      0x230 C:/xdk-cloud-twice/debug/objects/mqtt.o
 .text.SerializeData
                0x0001498c       0x5c C:/xdk-cloud-twice/debug/objects/mqtt.o
 .text.MqttSetPollingPeriod
                0x000149e8       0x20 C:/xdk-cloud-twice/debug/objects/mqtt.o
                0x000149e8                MqttSetPollingPeriod
 .text.jsmn_alloc_token
                0x00014a08       0x58 C:/xdk-cloud-twice/debug/objects/jsmn/jsmn.o
 .text.jsmn_fill_token
                0x00014a60       0x34 C:/xdk-cloud-twice/debug/objects/jsmn/jsmn.o
 .text.jsmn_parse_primitive
                0x00014a94       0xfc C:/xdk-cloud-twice/debug/objects/jsmn/jsmn.o
 .text.jsmn_parse_string
                0x00014b90      0x304 C:/xdk-cloud-twice/debug/objects/jsmn/jsmn.o
 .text.jsmn_parse
                0x00014e94      0x384 C:/xdk-cloud-twice/debug/objects/jsmn/jsmn.o
                0x00014e94                jsmn_parse
 .text.jsmn_init
                0x00015218       0x2c C:/xdk-cloud-twice/debug/objects/jsmn/jsmn.o
                0x00015218                jsmn_init
 .text.MQTTPacket_encode
                0x00015244       0x74 C:/xdk-cloud-twice/debug/objects/mqtt/MQTTPacket.o
                0x00015244                MQTTPacket_encode
 .text.MQTTPacket_decode
                0x000152b8       0x88 C:/xdk-cloud-twice/debug/objects/mqtt/MQTTPacket.o
                0x000152b8                MQTTPacket_decode
 .text.MQTTPacket_len
                0x00015340       0x64 C:/xdk-cloud-twice/debug/objects/mqtt/MQTTPacket.o
                0x00015340                MQTTPacket_len
 .text.bufchar  0x000153a4       0x50 C:/xdk-cloud-twice/debug/objects/mqtt/MQTTPacket.o
                0x000153a4                bufchar
 .text.MQTTPacket_decodeBuf
                0x000153f4       0x30 C:/xdk-cloud-twice/debug/objects/mqtt/MQTTPacket.o
                0x000153f4                MQTTPacket_decodeBuf
 .text.readInt  0x00015424       0x3c C:/xdk-cloud-twice/debug/objects/mqtt/MQTTPacket.o
                0x00015424                readInt
 .text.readChar
                0x00015460       0x2c C:/xdk-cloud-twice/debug/objects/mqtt/MQTTPacket.o
                0x00015460                readChar
 .text.writeChar
                0x0001548c       0x2c C:/xdk-cloud-twice/debug/objects/mqtt/MQTTPacket.o
                0x0001548c                writeChar
 .text.writeInt
                0x000154b8       0x68 C:/xdk-cloud-twice/debug/objects/mqtt/MQTTPacket.o
                0x000154b8                writeInt
 .text.writeCString
                0x00015520       0x40 C:/xdk-cloud-twice/debug/objects/mqtt/MQTTPacket.o
                0x00015520                writeCString
 .text.writeMQTTString
                0x00015560       0x64 C:/xdk-cloud-twice/debug/objects/mqtt/MQTTPacket.o
                0x00015560                writeMQTTString
 .text.readMQTTLenString
                0x000155c4       0x6c C:/xdk-cloud-twice/debug/objects/mqtt/MQTTPacket.o
                0x000155c4                readMQTTLenString
 .text.MQTTstrlen
                0x00015630       0x38 C:/xdk-cloud-twice/debug/objects/mqtt/MQTTPacket.o
                0x00015630                MQTTstrlen
 .text.MQTTPacket_equals
                0x00015668       0x78 C:/xdk-cloud-twice/debug/objects/mqtt/MQTTPacket.o
                0x00015668                MQTTPacket_equals
 .text.MQTTSerialize_connectLength
                0x000156e0       0xe0 C:/xdk-cloud-twice/debug/objects/mqtt/MQTTConnectClient.o
                0x000156e0                MQTTSerialize_connectLength
 .text.MQTTSerialize_connect
                0x000157c0      0x204 C:/xdk-cloud-twice/debug/objects/mqtt/MQTTConnectClient.o
                0x000157c0                MQTTSerialize_connect
 .text.MQTTDeserialize_connack
                0x000159c4       0xb8 C:/xdk-cloud-twice/debug/objects/mqtt/MQTTConnectClient.o
                0x000159c4                MQTTDeserialize_connack
 .text.MQTTSerialize_zero
                0x00015a7c       0x7c C:/xdk-cloud-twice/debug/objects/mqtt/MQTTConnectClient.o
                0x00015a7c                MQTTSerialize_zero
 .text.MQTTSerialize_pingreq
                0x00015af8       0x24 C:/xdk-cloud-twice/debug/objects/mqtt/MQTTConnectClient.o
                0x00015af8                MQTTSerialize_pingreq
 .text.MQTTDeserialize_publish
                0x00015b1c       0xec C:/xdk-cloud-twice/debug/objects/mqtt/MQTTDeserializePublish.o
                0x00015b1c                MQTTDeserialize_publish
 .text.MQTTDeserialize_ack
                0x00015c08       0xa0 C:/xdk-cloud-twice/debug/objects/mqtt/MQTTDeserializePublish.o
                0x00015c08                MQTTDeserialize_ack
 .text.MQTTSerialize_subscribeLength
                0x00015ca8       0x5c C:/xdk-cloud-twice/debug/objects/mqtt/MQTTSubscribeClient.o
                0x00015ca8                MQTTSerialize_subscribeLength
 .text.MQTTSerialize_subscribe
                0x00015d04      0x10c C:/xdk-cloud-twice/debug/objects/mqtt/MQTTSubscribeClient.o
                0x00015d04                MQTTSerialize_subscribe
 .text.MQTTDeserialize_suback
                0x00015e10       0xdc C:/xdk-cloud-twice/debug/objects/mqtt/MQTTSubscribeClient.o
                0x00015e10                MQTTDeserialize_suback
 .text.MQTTSerialize_publishLength
                0x00015eec       0x48 C:/xdk-cloud-twice/debug/objects/mqtt/MQTTSerializePublish.o
                0x00015eec                MQTTSerialize_publishLength
 .text.MQTTSerialize_publish
                0x00015f34      0x100 C:/xdk-cloud-twice/debug/objects/mqtt/MQTTSerializePublish.o
                0x00015f34                MQTTSerialize_publish
 .text.MQTTSerialize_ack
                0x00016034       0xac C:/xdk-cloud-twice/debug/objects/mqtt/MQTTSerializePublish.o
                0x00016034                MQTTSerialize_ack
 .text.LTRIM    0x000160e0       0x34 C:/xdk-cloud-twice/debug/objects/settings.o
                0x000160e0                LTRIM
 .text.RTRIM    0x00016114       0x64 C:/xdk-cloud-twice/debug/objects/settings.o
                0x00016114                RTRIM
 .text.TRIM     0x00016178       0x24 C:/xdk-cloud-twice/debug/objects/settings.o
                0x00016178                TRIM
 .text.Sd_Card_init
                0x0001619c      0x560 C:/xdk-cloud-twice/debug/objects/settings.o
                0x0001619c                Sd_Card_init
 .text.settings_init
                0x000166fc      0x214 C:/xdk-cloud-twice/debug/objects/settings.o
                0x000166fc                settings_init
 .text          0x00016910       0x98 C:/xdk-cloud-twice/debug/objects/startup_efm32gg.o
                0x00016910                Reset_Handler
                0x00016944                Default_Handler
                0x00016946                NMI_Handler
                0x00016948                HardFault_Handler
                0x0001694a                MemManage_Handler
                0x0001694c                BusFault_Handler
                0x0001694e                UsageFault_Handler
                0x00016952                DebugMon_Handler
                0x0001695c                TIMER0_IRQHandler
                0x00016962                ACMP0_IRQHandler
                0x00016966                ADC0_IRQHandler
                0x00016968                DAC0_IRQHandler
                0x00016970                TIMER1_IRQHandler
                0x00016972                TIMER2_IRQHandler
                0x00016974                TIMER3_IRQHandler
                0x0001697a                LESENSE_IRQHandler
                0x00016988                LEUART0_IRQHandler
                0x0001698a                LEUART1_IRQHandler
                0x0001698c                LETIMER0_IRQHandler
                0x0001698e                PCNT0_IRQHandler
                0x00016990                PCNT1_IRQHandler
                0x00016992                PCNT2_IRQHandler
                0x00016996                BURTC_IRQHandler
                0x00016998                CMU_IRQHandler
                0x0001699a                VCMP_IRQHandler
                0x0001699c                LCD_IRQHandler
                0x0001699e                MSC_IRQHandler
                0x000169a0                AES_IRQHandler
                0x000169a2                EBI_IRQHandler
                0x000169a4                EMU_IRQHandler
 .text.Retcode_GetPackage
                0x000169a8       0x1c ./../Platform/Sensors/debug/libSensors_efm32_debug.a(Accelerometer.o)
 .text.Retcode_GetCode
                0x000169c4       0x20 ./../Platform/Sensors/debug/libSensors_efm32_debug.a(Accelerometer.o)
 .text.bmaIsrCallback
                0x000169e4       0xe0 ./../Platform/Sensors/debug/libSensors_efm32_debug.a(Accelerometer.o)
 .text.bma2x2LibErrorMapping
                0x00016ac4       0x48 ./../Platform/Sensors/debug/libSensors_efm32_debug.a(Accelerometer.o)
 .text.bmi160LibErrorMapping
                0x00016b0c       0x48 ./../Platform/Sensors/debug/libSensors_efm32_debug.a(Accelerometer.o)
 .text.Accelerometer_init
                0x00016b54      0x10c ./../Platform/Sensors/debug/libSensors_efm32_debug.a(Accelerometer.o)
                0x00016b54                Accelerometer_init
 .text.Accelerometer_readXyzLsbValue
                0x00016c60      0x194 ./../Platform/Sensors/debug/libSensors_efm32_debug.a(Accelerometer.o)
                0x00016c60                Accelerometer_readXyzLsbValue
 .text.Accelerometer_readXyzGValue
                0x00016df4      0x398 ./../Platform/Sensors/debug/libSensors_efm32_debug.a(Accelerometer.o)
                0x00016df4                Accelerometer_readXyzGValue
 .text.Retcode_GetPackage
                0x0001718c       0x1c ./../Platform/Sensors/debug/libSensors_efm32_debug.a(Environmental.o)
 .text.bme280LibErrorMapping
                0x000171a8       0x48 ./../Platform/Sensors/debug/libSensors_efm32_debug.a(Environmental.o)
 .text.Environmental_init
                0x000171f0       0x9c ./../Platform/Sensors/debug/libSensors_efm32_debug.a(Environmental.o)
                0x000171f0                Environmental_init
 .text.Environmental_readData
                0x0001728c       0xd0 ./../Platform/Sensors/debug/libSensors_efm32_debug.a(Environmental.o)
                0x0001728c                Environmental_readData
 .text.Environmental_readDataLSB
                0x0001735c       0xa8 ./../Platform/Sensors/debug/libSensors_efm32_debug.a(Environmental.o)
                0x0001735c                Environmental_readDataLSB
 .text.Retcode_GetPackage
                0x00017404       0x1c ./../Platform/Sensors/debug/libSensors_efm32_debug.a(Gyroscope.o)
 .text.Retcode_GetCode
                0x00017420       0x20 ./../Platform/Sensors/debug/libSensors_efm32_debug.a(Gyroscope.o)
 .text.bmgIsrCallback
                0x00017440       0x14 ./../Platform/Sensors/debug/libSensors_efm32_debug.a(Gyroscope.o)
 .text.bmg160LibErrorMapping
                0x00017454       0x48 ./../Platform/Sensors/debug/libSensors_efm32_debug.a(Gyroscope.o)
 .text.BMI160_libErrorMapping
                0x0001749c       0x48 ./../Platform/Sensors/debug/libSensors_efm32_debug.a(Gyroscope.o)
 .text.Gyroscope_init
                0x000174e4      0x100 ./../Platform/Sensors/debug/libSensors_efm32_debug.a(Gyroscope.o)
                0x000174e4                Gyroscope_init
 .text.Gyroscope_readXyzValue
                0x000175e4      0x1a4 ./../Platform/Sensors/debug/libSensors_efm32_debug.a(Gyroscope.o)
                0x000175e4                Gyroscope_readXyzValue
 .text.Gyroscope_readXyzDegreeValue
                0x00017788      0x4cc ./../Platform/Sensors/debug/libSensors_efm32_debug.a(Gyroscope.o)
                0x00017788                Gyroscope_readXyzDegreeValue
 .text.Retcode_GetPackage
                0x00017c54       0x1c ./../Platform/Sensors/debug/libSensors_efm32_debug.a(LightSensor.o)
 .text.maxIsrCallback
                0x00017c70       0xbc ./../Platform/Sensors/debug/libSensors_efm32_debug.a(LightSensor.o)
 .text.LightSensor_init
                0x00017d2c       0xb8 ./../Platform/Sensors/debug/libSensors_efm32_debug.a(LightSensor.o)
                0x00017d2c                LightSensor_init
 .text.LightSensor_readRawData
                0x00017de4       0x8c ./../Platform/Sensors/debug/libSensors_efm32_debug.a(LightSensor.o)
                0x00017de4                LightSensor_readRawData
 .text.LightSensor_readLuxData
                0x00017e70       0xac ./../Platform/Sensors/debug/libSensors_efm32_debug.a(LightSensor.o)
                0x00017e70                LightSensor_readLuxData
 .text.Retcode_GetPackage
                0x00017f1c       0x1c ./../Platform/Sensors/debug/libSensors_efm32_debug.a(Magnetometer.o)
 .text.bmmIsrCallback
                0x00017f38       0x14 ./../Platform/Sensors/debug/libSensors_efm32_debug.a(Magnetometer.o)
 .text.bmm150LibErrorMapping
                0x00017f4c       0x48 ./../Platform/Sensors/debug/libSensors_efm32_debug.a(Magnetometer.o)
 .text.readMagData
                0x00017f94       0x80 ./../Platform/Sensors/debug/libSensors_efm32_debug.a(Magnetometer.o)
 .text.Magnetometer_init
                0x00018014       0xac ./../Platform/Sensors/debug/libSensors_efm32_debug.a(Magnetometer.o)
                0x00018014                Magnetometer_init
 .text.Magnetometer_readXyzLsbData
                0x000180c0      0x104 ./../Platform/Sensors/debug/libSensors_efm32_debug.a(Magnetometer.o)
                0x000180c0                Magnetometer_readXyzLsbData
 .text.Magnetometer_readXyzTeslaData
                0x000181c4      0x114 ./../Platform/Sensors/debug/libSensors_efm32_debug.a(Magnetometer.o)
                0x000181c4                Magnetometer_readXyzTeslaData
 .text.GPIO_PinOutClear
                0x000182d8       0x4c ./../Platform/BSP/debug/libBSP_efm32_debug.a(BSP_LED.o)
 .text.GPIO_PinOutSet
                0x00018324       0x4c ./../Platform/BSP/debug/libBSP_efm32_debug.a(BSP_LED.o)
 .text.GPIO_PinOutToggle
                0x00018370       0x4c ./../Platform/BSP/debug/libBSP_efm32_debug.a(BSP_LED.o)
 .text.BSP_LED_Connect
                0x000183bc       0x48 ./../Platform/BSP/debug/libBSP_efm32_debug.a(BSP_LED.o)
                0x000183bc                BSP_LED_Connect
 .text.BSP_LED_Enable
                0x00018404       0x64 ./../Platform/BSP/debug/libBSP_efm32_debug.a(BSP_LED.o)
                0x00018404                BSP_LED_Enable
 .text.BSP_LED_EnableAll
                0x00018468       0x3c ./../Platform/BSP/debug/libBSP_efm32_debug.a(BSP_LED.o)
                0x00018468                BSP_LED_EnableAll
 .text.BSP_LED_Switch
                0x000184a4      0x15c ./../Platform/BSP/debug/libBSP_efm32_debug.a(BSP_LED.o)
                0x000184a4                BSP_LED_Switch
 .text.BSP_LED_SwitchAll
                0x00018600       0xd0 ./../Platform/BSP/debug/libBSP_efm32_debug.a(BSP_LED.o)
                0x00018600                BSP_LED_SwitchAll
 .text.USB_setSerialNumber
                0x000186d0       0x7c ./../Platform/BSP/debug/libBSP_efm32_debug.a(BSP_USB.o)
 .text.USB_dataReceivedCallback
                0x0001874c       0x98 ./../Platform/BSP/debug/libBSP_efm32_debug.a(BSP_USB.o)
 .text.USB_dataTransferred
                0x000187e4       0x4c ./../Platform/BSP/debug/libBSP_efm32_debug.a(BSP_USB.o)
 .text.USB_stateChange
                0x00018830       0x58 ./../Platform/BSP/debug/libBSP_efm32_debug.a(BSP_USB.o)
                0x00018830                USB_stateChange
 .text.USB_setupCommand
                0x00018888      0x108 ./../Platform/BSP/debug/libBSP_efm32_debug.a(BSP_USB.o)
                0x00018888                USB_setupCommand
 .text.USB_init
                0x00018990       0xd0 ./../Platform/BSP/debug/libBSP_efm32_debug.a(BSP_USB.o)
                0x00018990                USB_init
 .text.USB_receiveByte
                0x00018a60       0xa0 ./../Platform/BSP/debug/libBSP_efm32_debug.a(BSP_USB.o)
                0x00018a60                USB_receiveByte
 .text.RETARGET_WriteChar
                0x00018b00       0x2c ./../Platform/BSP/debug/libBSP_efm32_debug.a(BSP_USB.o)
                0x00018b00                RETARGET_WriteChar
 .text.USB_transmitData
                0x00018b2c       0xc4 ./../Platform/BSP/debug/libBSP_efm32_debug.a(BSP_USB.o)
                0x00018b2c                USB_transmitData
 .text.RETARGET_ReadChar
                0x00018bf0       0x24 ./../Platform/BSP/debug/libBSP_efm32_debug.a(BSP_USB.o)
                0x00018bf0                RETARGET_ReadChar
 .text.USB_callBackMapping
                0x00018c14       0x38 ./../Platform/BSP/debug/libBSP_efm32_debug.a(BSP_USB.o)
                0x00018c14                USB_callBackMapping
 .text.NVIC_SetPriorityGrouping
                0x00018c4c       0x50 ./../Platform/BSP/debug/libBSP_efm32_debug.a(BSP_Board.o)
 .text.NVIC_EnableIRQ
                0x00018c9c       0x38 ./../Platform/BSP/debug/libBSP_efm32_debug.a(BSP_Board.o)
 .text.NVIC_DisableIRQ
                0x00018cd4       0x3c ./../Platform/BSP/debug/libBSP_efm32_debug.a(BSP_Board.o)
 .text.NVIC_ClearPendingIRQ
                0x00018d10       0x3c ./../Platform/BSP/debug/libBSP_efm32_debug.a(BSP_Board.o)
 .text.NVIC_SetPriority
                0x00018d4c       0x5c ./../Platform/BSP/debug/libBSP_efm32_debug.a(BSP_Board.o)
 .text.SysTick_Config
                0x00018da8       0x64 ./../Platform/BSP/debug/libBSP_efm32_debug.a(BSP_Board.o)
 .text.CHIP_Init
                0x00018e0c       0x50 ./../Platform/BSP/debug/libBSP_efm32_debug.a(BSP_Board.o)
 .text.GPIO_PinOutClear
                0x00018e5c       0x4c ./../Platform/BSP/debug/libBSP_efm32_debug.a(BSP_Board.o)
 .text.GPIO_PinOutSet
                0x00018ea8       0x4c ./../Platform/BSP/debug/libBSP_efm32_debug.a(BSP_Board.o)
 .text.INT_Disable
                0x00018ef4       0x40 ./../Platform/BSP/debug/libBSP_efm32_debug.a(BSP_Board.o)
 .text.INT_Enable
                0x00018f34       0x54 ./../Platform/BSP/debug/libBSP_efm32_debug.a(BSP_Board.o)
 .text.BSP_Board_OSTickInitialize
                0x00018f88       0x2c ./../Platform/BSP/debug/libBSP_efm32_debug.a(BSP_Board.o)
                0x00018f88                BSP_Board_OSTickInitialize
 .text.BSP_Board_Initialize
                0x00018fb4      0x150 ./../Platform/BSP/debug/libBSP_efm32_debug.a(BSP_Board.o)
                0x00018fb4                BSP_Board_Initialize
 .text.BSP_Board_Delay
                0x00019104       0x30 ./../Platform/BSP/debug/libBSP_efm32_debug.a(BSP_Board.o)
                0x00019104                BSP_Board_Delay
 .text.BSP_Board_SetOStoBSPDelayFunc
                0x00019134       0x20 ./../Platform/BSP/debug/libBSP_efm32_debug.a(BSP_Board.o)
                0x00019134                BSP_Board_SetOStoBSPDelayFunc
 .text.Board_GPIOInterruptInit
                0x00019154       0x30 ./../Platform/BSP/debug/libBSP_efm32_debug.a(BSP_Board.o)
                0x00019154                Board_GPIOInterruptInit
 .text.Board_GPIOInterruptGetCallback
                0x00019184       0x24 ./../Platform/BSP/debug/libBSP_efm32_debug.a(BSP_Board.o)
                0x00019184                Board_GPIOInterruptGetCallback
 .text.Board_GPIOInterruptRegisterCallback
                0x000191a8       0x38 ./../Platform/BSP/debug/libBSP_efm32_debug.a(BSP_Board.o)
                0x000191a8                Board_GPIOInterruptRegisterCallback
 .text.Board_GPIOInterruptDispatch
                0x000191e0       0x64 ./../Platform/BSP/debug/libBSP_efm32_debug.a(BSP_Board.o)
                0x000191e0                Board_GPIOInterruptDispatch
 .text.Board_UART0_UART_Init
                0x00019244       0xcc ./../Platform/BSP/debug/libBSP_efm32_debug.a(BSP_Board.o)
                0x00019244                Board_UART0_UART_Init
 .text.Board_UART1_UART_Init
                0x00019310       0xcc ./../Platform/BSP/debug/libBSP_efm32_debug.a(BSP_Board.o)
                0x00019310                Board_UART1_UART_Init
 .text.Board_USART0_SPI_Init
                0x000193dc       0xa8 ./../Platform/BSP/debug/libBSP_efm32_debug.a(BSP_Board.o)
                0x000193dc                Board_USART0_SPI_Init
 .text.Board_USART1_SPI_Init
                0x00019484       0x8c ./../Platform/BSP/debug/libBSP_efm32_debug.a(BSP_Board.o)
                0x00019484                Board_USART1_SPI_Init
 .text.Board_GPIO_Init
                0x00019510       0x6c ./../Platform/BSP/debug/libBSP_efm32_debug.a(BSP_Board.o)
                0x00019510                Board_GPIO_Init
 .text.Board_WakeupPowerSupply2V5
                0x0001957c       0x50 ./../Platform/BSP/debug/libBSP_efm32_debug.a(BSP_Board.o)
                0x0001957c                Board_WakeupPowerSupply2V5
 .text.Board_SnoozePowerSupply2V5
                0x000195cc       0x4c ./../Platform/BSP/debug/libBSP_efm32_debug.a(BSP_Board.o)
                0x000195cc                Board_SnoozePowerSupply2V5
 .text.Board_DisablePowerSupply3V3
                0x00019618       0x4c ./../Platform/BSP/debug/libBSP_efm32_debug.a(BSP_Board.o)
                0x00019618                Board_DisablePowerSupply3V3
 .text.Board_EnablePowerSupply3V3
                0x00019664       0x50 ./../Platform/BSP/debug/libBSP_efm32_debug.a(BSP_Board.o)
                0x00019664                Board_EnablePowerSupply3V3
 .text.PowerSupply2V5UpdateRegister
                0x000196b4      0x268 ./../Platform/BSP/debug/libBSP_efm32_debug.a(BSP_Board.o)
                0x000196b4                PowerSupply2V5UpdateRegister
 .text.PowerSupply3V3UpdateRegister
                0x0001991c       0x7c ./../Platform/BSP/debug/libBSP_efm32_debug.a(BSP_Board.o)
                0x0001991c                PowerSupply3V3UpdateRegister
 .text.Board_ADC_Init
                0x00019998       0x78 ./../Platform/BSP/debug/libBSP_efm32_debug.a(BSP_Board.o)
                0x00019998                Board_ADC_Init
 .text.Board_I2C0_Init
                0x00019a10       0x54 ./../Platform/BSP/debug/libBSP_efm32_debug.a(BSP_Board.o)
                0x00019a10                Board_I2C0_Init
 .text.Board_I2C1_Init
                0x00019a64       0x54 ./../Platform/BSP/debug/libBSP_efm32_debug.a(BSP_Board.o)
                0x00019a64                Board_I2C1_Init
 .text.Board_USB_Init
                0x00019ab8       0x70 ./../Platform/BSP/debug/libBSP_efm32_debug.a(BSP_Board.o)
                0x00019ab8                Board_USB_Init
 .text.Board_IncTick
                0x00019b28       0x24 ./../Platform/BSP/debug/libBSP_efm32_debug.a(BSP_Board.o)
                0x00019b28                Board_IncTick
 .text.Board_GetTick
                0x00019b4c       0x18 ./../Platform/BSP/debug/libBSP_efm32_debug.a(BSP_Board.o)
                0x00019b4c                Board_GetTick
 .text.Board_Delay
                0x00019b64       0x30 ./../Platform/BSP/debug/libBSP_efm32_debug.a(BSP_Board.o)
                0x00019b64                Board_Delay
 .text.Board_RTC_Init
                0x00019b94       0xa0 ./../Platform/BSP/debug/libBSP_efm32_debug.a(BSP_Board.o)
                0x00019b94                Board_RTC_Init
 .text.Board_BURTC_Init
                0x00019c34       0x28 ./../Platform/BSP/debug/libBSP_efm32_debug.a(BSP_Board.o)
                0x00019c34                Board_BURTC_Init
 .text.BSP_Board_EnableSysTick
                0x00019c5c       0x38 ./../Platform/BSP/debug/libBSP_efm32_debug.a(BSP_Board.o)
                0x00019c5c                BSP_Board_EnableSysTick
 .text.NVIC_EnableIRQ
                0x00019c94       0x38 ./../Platform/BSP/debug/libBSP_efm32_debug.a(BSP_Button.o)
 .text.NVIC_DisableIRQ
                0x00019ccc       0x3c ./../Platform/BSP/debug/libBSP_efm32_debug.a(BSP_Button.o)
 .text.GPIO_PinInGet
                0x00019d08       0x4c ./../Platform/BSP/debug/libBSP_efm32_debug.a(BSP_Button.o)
 .text.BSP_Button_Connect
                0x00019d54       0x34 ./../Platform/BSP/debug/libBSP_efm32_debug.a(BSP_Button.o)
                0x00019d54                BSP_Button_Connect
 .text.BSP_Button_Enable
                0x00019d88      0x190 ./../Platform/BSP/debug/libBSP_efm32_debug.a(BSP_Button.o)
                0x00019d88                BSP_Button_Enable
 .text.Button1InterruptCallback
                0x00019f18       0x60 ./../Platform/BSP/debug/libBSP_efm32_debug.a(BSP_Button.o)
 .text.Button2InterruptCallback
                0x00019f78       0x5c ./../Platform/BSP/debug/libBSP_efm32_debug.a(BSP_Button.o)
 .text.NVIC_EnableIRQ
                0x00019fd4       0x38 ./../Platform/BSP/debug/libBSP_efm32_debug.a(BSP_DMA.o)
 .text.NVIC_ClearPendingIRQ
                0x0001a00c       0x3c ./../Platform/BSP/debug/libBSP_efm32_debug.a(BSP_DMA.o)
 .text.NVIC_SetPriority
                0x0001a048       0x5c ./../Platform/BSP/debug/libBSP_efm32_debug.a(BSP_DMA.o)
 .text.BSP_DMA_Initialize
                0x0001a0a4       0x88 ./../Platform/BSP/debug/libBSP_efm32_debug.a(BSP_DMA.o)
                0x0001a0a4                BSP_DMA_Initialize
 .text.BSP_DMA_Enable
                0x0001a12c       0x54 ./../Platform/BSP/debug/libBSP_efm32_debug.a(BSP_DMA.o)
                0x0001a12c                BSP_DMA_Enable
 .text.GPIO_IntClear
                0x0001a180       0x20 ./../Platform/BSP/debug/libBSP_efm32_debug.a(BSP_IrqHandler.o)
 .text.GPIO_IntGetEnabled
                0x0001a1a0       0x30 ./../Platform/BSP/debug/libBSP_efm32_debug.a(BSP_IrqHandler.o)
 .text.SysTick_Handler
                0x0001a1d0       0x40 ./../Platform/BSP/debug/libBSP_efm32_debug.a(BSP_IrqHandler.o)
                0x0001a1d0                SysTick_Handler
 .text.GPIO_EVEN_IRQHandler
                0x0001a210       0x28 ./../Platform/BSP/debug/libBSP_efm32_debug.a(BSP_IrqHandler.o)
                0x0001a210                GPIO_EVEN_IRQHandler
 .text.GPIO_ODD_IRQHandler
                0x0001a238       0x28 ./../Platform/BSP/debug/libBSP_efm32_debug.a(BSP_IrqHandler.o)
                0x0001a238                GPIO_ODD_IRQHandler
 .text.UART0_TX_IRQHandler
                0x0001a260        0xc ./../Platform/BSP/debug/libBSP_efm32_debug.a(BSP_IrqHandler.o)
                0x0001a260                UART0_TX_IRQHandler
 .text.UART0_RX_IRQHandler
                0x0001a26c        0xc ./../Platform/BSP/debug/libBSP_efm32_debug.a(BSP_IrqHandler.o)
                0x0001a26c                UART0_RX_IRQHandler
 .text.USART0_TX_IRQHandler
                0x0001a278        0xc ./../Platform/BSP/debug/libBSP_efm32_debug.a(BSP_IrqHandler.o)
                0x0001a278                USART0_TX_IRQHandler
 .text.USART0_RX_IRQHandler
                0x0001a284        0xc ./../Platform/BSP/debug/libBSP_efm32_debug.a(BSP_IrqHandler.o)
                0x0001a284                USART0_RX_IRQHandler
 .text.I2C0_IRQHandler
                0x0001a290        0xc ./../Platform/BSP/debug/libBSP_efm32_debug.a(BSP_IrqHandler.o)
                0x0001a290                I2C0_IRQHandler
 .text.I2C1_IRQHandler
                0x0001a29c        0xc ./../Platform/BSP/debug/libBSP_efm32_debug.a(BSP_IrqHandler.o)
                0x0001a29c                I2C1_IRQHandler
 .text.USART2_TX_IRQHandler
                0x0001a2a8        0xc ./../Platform/BSP/debug/libBSP_efm32_debug.a(BSP_IrqHandler.o)
                0x0001a2a8                USART2_TX_IRQHandler
 .text.USART2_RX_IRQHandler
                0x0001a2b4        0xc ./../Platform/BSP/debug/libBSP_efm32_debug.a(BSP_IrqHandler.o)
                0x0001a2b4                USART2_RX_IRQHandler
 .text.UART1_TX_IRQHandler
                0x0001a2c0        0xc ./../Platform/BSP/debug/libBSP_efm32_debug.a(BSP_IrqHandler.o)
                0x0001a2c0                UART1_TX_IRQHandler
 .text.UART1_RX_IRQHandler
                0x0001a2cc        0xc ./../Platform/BSP/debug/libBSP_efm32_debug.a(BSP_IrqHandler.o)
                0x0001a2cc                UART1_RX_IRQHandler
 .text.USART1_TX_IRQHandler
                0x0001a2d8        0xc ./../Platform/BSP/debug/libBSP_efm32_debug.a(BSP_IrqHandler.o)
                0x0001a2d8                USART1_TX_IRQHandler
 .text.USART1_RX_IRQHandler
                0x0001a2e4        0xc ./../Platform/BSP/debug/libBSP_efm32_debug.a(BSP_IrqHandler.o)
                0x0001a2e4                USART1_RX_IRQHandler
 .text.RTC_IRQHandler
                0x0001a2f0        0xc ./../Platform/BSP/debug/libBSP_efm32_debug.a(BSP_IrqHandler.o)
                0x0001a2f0                RTC_IRQHandler
 .text.IrqHandler_SysTickDummyHandler
                0x0001a2fc       0x10 ./../Platform/BSP/debug/libBSP_efm32_debug.a(BSP_IrqHandler.o)
                0x0001a2fc                IrqHandler_SysTickDummyHandler
 .text.BSP_ExtensionPort_I2cIsr
                0x0001a30c       0x5c ./../Platform/BSP/debug/libBSP_efm32_debug.a(BSP_ExtensionPort.o)
                0x0001a30c                BSP_ExtensionPort_I2cIsr
 .text.BSP_ExtensionPort_SpiRxIsr
                0x0001a368       0x5c ./../Platform/BSP/debug/libBSP_efm32_debug.a(BSP_ExtensionPort.o)
                0x0001a368                BSP_ExtensionPort_SpiRxIsr
 .text.BSP_ExtensionPort_SpiTxIsr
                0x0001a3c4       0x5c ./../Platform/BSP/debug/libBSP_efm32_debug.a(BSP_ExtensionPort.o)
                0x0001a3c4                BSP_ExtensionPort_SpiTxIsr
 .text.BSP_ExtensionPort_UARTRxIsr
                0x0001a420       0x5c ./../Platform/BSP/debug/libBSP_efm32_debug.a(BSP_ExtensionPort.o)
                0x0001a420                BSP_ExtensionPort_UARTRxIsr
 .text.BSP_ExtensionPort_UARTTxIsr
                0x0001a47c       0x5c ./../Platform/BSP/debug/libBSP_efm32_debug.a(BSP_ExtensionPort.o)
                0x0001a47c                BSP_ExtensionPort_UARTTxIsr
 .text.NVIC_EnableIRQ
                0x0001a4d8       0x38 ./../Platform/BSP/debug/libBSP_efm32_debug.a(BSP_WiFi_cc3100mod.o)
 .text.NVIC_DisableIRQ
                0x0001a510       0x3c ./../Platform/BSP/debug/libBSP_efm32_debug.a(BSP_WiFi_cc3100mod.o)
 .text.NVIC_ClearPendingIRQ
                0x0001a54c       0x3c ./../Platform/BSP/debug/libBSP_efm32_debug.a(BSP_WiFi_cc3100mod.o)
 .text.NVIC_SetPriority
                0x0001a588       0x5c ./../Platform/BSP/debug/libBSP_efm32_debug.a(BSP_WiFi_cc3100mod.o)
 .text.GPIO_IntClear
                0x0001a5e4       0x20 ./../Platform/BSP/debug/libBSP_efm32_debug.a(BSP_WiFi_cc3100mod.o)
 .text.GPIO_IntDisable
                0x0001a604       0x34 ./../Platform/BSP/debug/libBSP_efm32_debug.a(BSP_WiFi_cc3100mod.o)
 .text.GPIO_IntEnable
                0x0001a638       0x30 ./../Platform/BSP/debug/libBSP_efm32_debug.a(BSP_WiFi_cc3100mod.o)
 .text.GPIO_PinOutClear
                0x0001a668       0x4c ./../Platform/BSP/debug/libBSP_efm32_debug.a(BSP_WiFi_cc3100mod.o)
 .text.GPIO_PinOutSet
                0x0001a6b4       0x4c ./../Platform/BSP/debug/libBSP_efm32_debug.a(BSP_WiFi_cc3100mod.o)
 .text.Board_GPIOInterruptUnregisterCallback
                0x0001a700       0x20 ./../Platform/BSP/debug/libBSP_efm32_debug.a(BSP_WiFi_cc3100mod.o)
 .text.BSP_WiFi_CC3100MOD_Connect
                0x0001a720      0x1e8 ./../Platform/BSP/debug/libBSP_efm32_debug.a(BSP_WiFi_cc3100mod.o)
                0x0001a720                BSP_WiFi_CC3100MOD_Connect
 .text.BSP_WiFi_CC3100MOD_Enable
                0x0001a908      0x1a4 ./../Platform/BSP/debug/libBSP_efm32_debug.a(BSP_WiFi_cc3100mod.o)
                0x0001a908                BSP_WiFi_CC3100MOD_Enable
 .text.BSP_WiFi_CC3100MOD_Disable
                0x0001aaac       0xb0 ./../Platform/BSP/debug/libBSP_efm32_debug.a(BSP_WiFi_cc3100mod.o)
                0x0001aaac                BSP_WiFi_CC3100MOD_Disable
 .text.BSP_WiFi_CC3100MOD_GetSPIHandle
                0x0001ab5c       0x14 ./../Platform/BSP/debug/libBSP_efm32_debug.a(BSP_WiFi_cc3100mod.o)
                0x0001ab5c                BSP_WiFi_CC3100MOD_GetSPIHandle
 .text.BSP_WiFi_CC3100MOD_SetCSLow
                0x0001ab70       0x18 ./../Platform/BSP/debug/libBSP_efm32_debug.a(BSP_WiFi_cc3100mod.o)
                0x0001ab70                BSP_WiFi_CC3100MOD_SetCSLow
 .text.BSP_WiFi_CC3100MOD_SetCSHigh
                0x0001ab88       0x18 ./../Platform/BSP/debug/libBSP_efm32_debug.a(BSP_WiFi_cc3100mod.o)
                0x0001ab88                BSP_WiFi_CC3100MOD_SetCSHigh
 .text.WiFi_CC3100MOD_SPIRxISR
                0x0001aba0       0x28 ./../Platform/BSP/debug/libBSP_efm32_debug.a(BSP_WiFi_cc3100mod.o)
                0x0001aba0                WiFi_CC3100MOD_SPIRxISR
 .text.WiFi_CC3100MOD_SPITxISR
                0x0001abc8       0x28 ./../Platform/BSP/debug/libBSP_efm32_debug.a(BSP_WiFi_cc3100mod.o)
                0x0001abc8                WiFi_CC3100MOD_SPITxISR
 .text.WiFi_CC3100MOD_SPI_RxDMAComplete
                0x0001abf0       0x38 ./../Platform/BSP/debug/libBSP_efm32_debug.a(BSP_WiFi_cc3100mod.o)
                0x0001abf0                WiFi_CC3100MOD_SPI_RxDMAComplete
 .text.WiFi_CC3100MOD_SPI_TxDMAComplete
                0x0001ac28       0x38 ./../Platform/BSP/debug/libBSP_efm32_debug.a(BSP_WiFi_cc3100mod.o)
                0x0001ac28                WiFi_CC3100MOD_SPI_TxDMAComplete
 .text.WiFi_INT_InterruptCallback
                0x0001ac60       0x14 ./../Platform/BSP/debug/libBSP_efm32_debug.a(BSP_WiFi_cc3100mod.o)
 .text.BT_EM9301_UART_TxISR
                0x0001ac74       0x28 ./../Platform/BSP/debug/libBSP_efm32_debug.a(BSP_BT_EM9301.o)
                0x0001ac74                BT_EM9301_UART_TxISR
 .text.BT_EM9301_UART_RxISR
                0x0001ac9c       0x28 ./../Platform/BSP/debug/libBSP_efm32_debug.a(BSP_BT_EM9301.o)
                0x0001ac9c                BT_EM9301_UART_RxISR
 .text.NVIC_EnableIRQ
                0x0001acc4       0x38 ./../Platform/BSP/debug/libBSP_efm32_debug.a(BSP_SensorNode.o)
 .text.NVIC_DisableIRQ
                0x0001acfc       0x3c ./../Platform/BSP/debug/libBSP_efm32_debug.a(BSP_SensorNode.o)
 .text.NVIC_SetPriority
                0x0001ad38       0x5c ./../Platform/BSP/debug/libBSP_efm32_debug.a(BSP_SensorNode.o)
 .text.GPIO_PinInGet
                0x0001ad94       0x4c ./../Platform/BSP/debug/libBSP_efm32_debug.a(BSP_SensorNode.o)
 .text.GPIO_PinOutSet
                0x0001ade0       0x4c ./../Platform/BSP/debug/libBSP_efm32_debug.a(BSP_SensorNode.o)
 .text.BSP_SensorNode_Connect
                0x0001ae2c      0x190 ./../Platform/BSP/debug/libBSP_efm32_debug.a(BSP_SensorNode.o)
                0x0001ae2c                BSP_SensorNode_Connect
 .text.BSP_SensorNode_Enable
                0x0001afbc      0x408 ./../Platform/BSP/debug/libBSP_efm32_debug.a(BSP_SensorNode.o)
                0x0001afbc                BSP_SensorNode_Enable
 .text.BSP_SensorNode_GetI2CHandle
                0x0001b3c4       0x34 ./../Platform/BSP/debug/libBSP_efm32_debug.a(BSP_SensorNode.o)
                0x0001b3c4                BSP_SensorNode_GetI2CHandle
 .text.SensorNode_EnableBus
                0x0001b3f8       0x6c ./../Platform/BSP/debug/libBSP_efm32_debug.a(BSP_SensorNode.o)
 .text.BMA280_INT_InterruptCallback
                0x0001b464       0x44 ./../Platform/BSP/debug/libBSP_efm32_debug.a(BSP_SensorNode.o)
 .text.BMA280_INT2_InterruptCallback
                0x0001b4a8       0x44 ./../Platform/BSP/debug/libBSP_efm32_debug.a(BSP_SensorNode.o)
 .text.MAX44009_INTN_InterruptCallback
                0x0001b4ec       0x44 ./../Platform/BSP/debug/libBSP_efm32_debug.a(BSP_SensorNode.o)
 .text.SensorNode_I2CISR
                0x0001b530       0x28 ./../Platform/BSP/debug/libBSP_efm32_debug.a(BSP_SensorNode.o)
                0x0001b530                SensorNode_I2CISR
 .text.NVIC_EnableIRQ
                0x0001b558       0x38 ./../Platform/BSP/debug/libBSP_efm32_debug.a(BSP_SDCard.o)
 .text.NVIC_DisableIRQ
                0x0001b590       0x3c ./../Platform/BSP/debug/libBSP_efm32_debug.a(BSP_SDCard.o)
 .text.NVIC_ClearPendingIRQ
                0x0001b5cc       0x3c ./../Platform/BSP/debug/libBSP_efm32_debug.a(BSP_SDCard.o)
 .text.NVIC_SetPriority
                0x0001b608       0x5c ./../Platform/BSP/debug/libBSP_efm32_debug.a(BSP_SDCard.o)
 .text.GPIO_IntClear
                0x0001b664       0x20 ./../Platform/BSP/debug/libBSP_efm32_debug.a(BSP_SDCard.o)
 .text.GPIO_IntDisable
                0x0001b684       0x34 ./../Platform/BSP/debug/libBSP_efm32_debug.a(BSP_SDCard.o)
 .text.GPIO_PinInGet
                0x0001b6b8       0x4c ./../Platform/BSP/debug/libBSP_efm32_debug.a(BSP_SDCard.o)
 .text.GPIO_PinOutClear
                0x0001b704       0x4c ./../Platform/BSP/debug/libBSP_efm32_debug.a(BSP_SDCard.o)
 .text.GPIO_PinOutSet
                0x0001b750       0x4c ./../Platform/BSP/debug/libBSP_efm32_debug.a(BSP_SDCard.o)
 .text.BSP_SDCard_Connect
                0x0001b79c      0x1c0 ./../Platform/BSP/debug/libBSP_efm32_debug.a(BSP_SDCard.o)
                0x0001b79c                BSP_SDCard_Connect
 .text.BSP_SDCard_Enable
                0x0001b95c       0xf8 ./../Platform/BSP/debug/libBSP_efm32_debug.a(BSP_SDCard.o)
                0x0001b95c                BSP_SDCard_Enable
 .text.BSP_SDCard_SetCSHigh
                0x0001ba54       0x18 ./../Platform/BSP/debug/libBSP_efm32_debug.a(BSP_SDCard.o)
                0x0001ba54                BSP_SDCard_SetCSHigh
 .text.BSP_SDCard_SetCSLow
                0x0001ba6c       0x18 ./../Platform/BSP/debug/libBSP_efm32_debug.a(BSP_SDCard.o)
                0x0001ba6c                BSP_SDCard_SetCSLow
 .text.BSP_SDCard_GetSPIHandle
                0x0001ba84       0x14 ./../Platform/BSP/debug/libBSP_efm32_debug.a(BSP_SDCard.o)
                0x0001ba84                BSP_SDCard_GetSPIHandle
 .text.SDCard_SPIRxISR
                0x0001ba98       0x28 ./../Platform/BSP/debug/libBSP_efm32_debug.a(BSP_SDCard.o)
                0x0001ba98                SDCard_SPIRxISR
 .text.SDCard_SPITxISR
                0x0001bac0       0x28 ./../Platform/BSP/debug/libBSP_efm32_debug.a(BSP_SDCard.o)
                0x0001bac0                SDCard_SPITxISR
 .text.SDCard_SPI_RxDMAComplete
                0x0001bae8       0x38 ./../Platform/BSP/debug/libBSP_efm32_debug.a(BSP_SDCard.o)
                0x0001bae8                SDCard_SPI_RxDMAComplete
 .text.SDCard_SPI_TxDMAComplete
                0x0001bb20       0x38 ./../Platform/BSP/debug/libBSP_efm32_debug.a(BSP_SDCard.o)
                0x0001bb20                SDCard_SPI_TxDMAComplete
 .text.SDCard_Detectinterrupt
                0x0001bb58       0x74 ./../Platform/BSP/debug/libBSP_efm32_debug.a(BSP_SDCard.o)
 .text.SDCardEnable
                0x0001bbcc      0x124 ./../Platform/BSP/debug/libBSP_efm32_debug.a(BSP_SDCard.o)
 .text.SDCardDisable
                0x0001bcf0       0xa0 ./../Platform/BSP/debug/libBSP_efm32_debug.a(BSP_SDCard.o)
 .text.xQueueGenericReset
                0x0001bd90       0xc8 ./../Libraries/FreeRTOS/debug/libFreeRTOS_efm32_debug.a(queue.o)
                0x0001bd90                xQueueGenericReset
 .text.xQueueGenericCreate
                0x0001be58       0xb8 ./../Libraries/FreeRTOS/debug/libFreeRTOS_efm32_debug.a(queue.o)
                0x0001be58                xQueueGenericCreate
 .text.xQueueCreateMutex
                0x0001bf10       0xb8 ./../Libraries/FreeRTOS/debug/libFreeRTOS_efm32_debug.a(queue.o)
                0x0001bf10                xQueueCreateMutex
 .text.xQueueGenericSend
                0x0001bfc8      0x1c8 ./../Libraries/FreeRTOS/debug/libFreeRTOS_efm32_debug.a(queue.o)
                0x0001bfc8                xQueueGenericSend
 .text.xQueueGenericSendFromISR
                0x0001c190      0x110 ./../Libraries/FreeRTOS/debug/libFreeRTOS_efm32_debug.a(queue.o)
                0x0001c190                xQueueGenericSendFromISR
 .text.xQueueGiveFromISR
                0x0001c2a0      0x108 ./../Libraries/FreeRTOS/debug/libFreeRTOS_efm32_debug.a(queue.o)
                0x0001c2a0                xQueueGiveFromISR
 .text.xQueueGenericReceive
                0x0001c3a8      0x1e0 ./../Libraries/FreeRTOS/debug/libFreeRTOS_efm32_debug.a(queue.o)
                0x0001c3a8                xQueueGenericReceive
 .text.vQueueDelete
                0x0001c588       0x38 ./../Libraries/FreeRTOS/debug/libFreeRTOS_efm32_debug.a(queue.o)
                0x0001c588                vQueueDelete
 .text.prvCopyDataToQueue
                0x0001c5c0       0xe8 ./../Libraries/FreeRTOS/debug/libFreeRTOS_efm32_debug.a(queue.o)
 .text.prvCopyDataFromQueue
                0x0001c6a8       0x50 ./../Libraries/FreeRTOS/debug/libFreeRTOS_efm32_debug.a(queue.o)
 .text.prvUnlockQueue
                0x0001c6f8       0xc0 ./../Libraries/FreeRTOS/debug/libFreeRTOS_efm32_debug.a(queue.o)
 .text.prvIsQueueEmpty
                0x0001c7b8       0x34 ./../Libraries/FreeRTOS/debug/libFreeRTOS_efm32_debug.a(queue.o)
 .text.prvIsQueueFull
                0x0001c7ec       0x38 ./../Libraries/FreeRTOS/debug/libFreeRTOS_efm32_debug.a(queue.o)
 .text.vQueueAddToRegistry
                0x0001c824       0x64 ./../Libraries/FreeRTOS/debug/libFreeRTOS_efm32_debug.a(queue.o)
                0x0001c824                vQueueAddToRegistry
 .text.vQueueUnregisterQueue
                0x0001c888       0x54 ./../Libraries/FreeRTOS/debug/libFreeRTOS_efm32_debug.a(queue.o)
                0x0001c888                vQueueUnregisterQueue
 .text.vQueueWaitForMessageRestricted
                0x0001c8dc       0x64 ./../Libraries/FreeRTOS/debug/libFreeRTOS_efm32_debug.a(queue.o)
                0x0001c8dc                vQueueWaitForMessageRestricted
 .text.prvNotifyQueueSetContainer
                0x0001c940       0xa8 ./../Libraries/FreeRTOS/debug/libFreeRTOS_efm32_debug.a(queue.o)
 .text.xTaskGenericCreate
                0x0001c9e8      0x1d0 ./../Libraries/FreeRTOS/debug/libFreeRTOS_efm32_debug.a(tasks.o)
                0x0001c9e8                xTaskGenericCreate
 .text.vTaskDelay
                0x0001cbb8       0xac ./../Libraries/FreeRTOS/debug/libFreeRTOS_efm32_debug.a(tasks.o)
                0x0001cbb8                vTaskDelay
 .text.vTaskStartScheduler
                0x0001cc64       0xa0 ./../Libraries/FreeRTOS/debug/libFreeRTOS_efm32_debug.a(tasks.o)
                0x0001cc64                vTaskStartScheduler
 .text.vTaskSuspendAll
                0x0001cd04       0x24 ./../Libraries/FreeRTOS/debug/libFreeRTOS_efm32_debug.a(tasks.o)
                0x0001cd04                vTaskSuspendAll
 .text.xTaskResumeAll
                0x0001cd28      0x180 ./../Libraries/FreeRTOS/debug/libFreeRTOS_efm32_debug.a(tasks.o)
                0x0001cd28                xTaskResumeAll
 .text.xTaskGetTickCount
                0x0001cea8       0x20 ./../Libraries/FreeRTOS/debug/libFreeRTOS_efm32_debug.a(tasks.o)
                0x0001cea8                xTaskGetTickCount
 .text.xTaskIncrementTick
                0x0001cec8      0x20c ./../Libraries/FreeRTOS/debug/libFreeRTOS_efm32_debug.a(tasks.o)
                0x0001cec8                xTaskIncrementTick
 .text.vTaskSwitchContext
                0x0001d0d4      0x150 ./../Libraries/FreeRTOS/debug/libFreeRTOS_efm32_debug.a(tasks.o)
                0x0001d0d4                vTaskSwitchContext
 .text.vTaskPlaceOnEventList
                0x0001d224       0xc4 ./../Libraries/FreeRTOS/debug/libFreeRTOS_efm32_debug.a(tasks.o)
                0x0001d224                vTaskPlaceOnEventList
 .text.vTaskPlaceOnEventListRestricted
                0x0001d2e8       0xc4 ./../Libraries/FreeRTOS/debug/libFreeRTOS_efm32_debug.a(tasks.o)
                0x0001d2e8                vTaskPlaceOnEventListRestricted
 .text.xTaskRemoveFromEventList
                0x0001d3ac       0xe8 ./../Libraries/FreeRTOS/debug/libFreeRTOS_efm32_debug.a(tasks.o)
                0x0001d3ac                xTaskRemoveFromEventList
 .text.vTaskSetTimeOutState
                0x0001d494       0x44 ./../Libraries/FreeRTOS/debug/libFreeRTOS_efm32_debug.a(tasks.o)
                0x0001d494                vTaskSetTimeOutState
 .text.xTaskCheckForTimeOut
                0x0001d4d8       0xc4 ./../Libraries/FreeRTOS/debug/libFreeRTOS_efm32_debug.a(tasks.o)
                0x0001d4d8                xTaskCheckForTimeOut
 .text.vTaskMissedYield
                0x0001d59c       0x18 ./../Libraries/FreeRTOS/debug/libFreeRTOS_efm32_debug.a(tasks.o)
                0x0001d59c                vTaskMissedYield
 .text.prvIdleTask
                0x0001d5b4       0x10 ./../Libraries/FreeRTOS/debug/libFreeRTOS_efm32_debug.a(tasks.o)
 .text.prvInitialiseTCBVariables
                0x0001d5c4       0xbc ./../Libraries/FreeRTOS/debug/libFreeRTOS_efm32_debug.a(tasks.o)
 .text.prvInitialiseTaskLists
                0x0001d680       0xa4 ./../Libraries/FreeRTOS/debug/libFreeRTOS_efm32_debug.a(tasks.o)
 .text.prvCheckTasksWaitingTermination
                0x0001d724       0x9c ./../Libraries/FreeRTOS/debug/libFreeRTOS_efm32_debug.a(tasks.o)
 .text.prvAddCurrentTaskToDelayedList
                0x0001d7c0       0x8c ./../Libraries/FreeRTOS/debug/libFreeRTOS_efm32_debug.a(tasks.o)
 .text.prvAllocateTCBAndStack
                0x0001d84c       0x7c ./../Libraries/FreeRTOS/debug/libFreeRTOS_efm32_debug.a(tasks.o)
 .text.prvDeleteTCB
                0x0001d8c8       0x20 ./../Libraries/FreeRTOS/debug/libFreeRTOS_efm32_debug.a(tasks.o)
 .text.prvResetNextTaskUnblockTime
                0x0001d8e8       0x5c ./../Libraries/FreeRTOS/debug/libFreeRTOS_efm32_debug.a(tasks.o)
 .text.xTaskGetCurrentTaskHandle
                0x0001d944       0x20 ./../Libraries/FreeRTOS/debug/libFreeRTOS_efm32_debug.a(tasks.o)
                0x0001d944                xTaskGetCurrentTaskHandle
 .text.xTaskGetSchedulerState
                0x0001d964       0x48 ./../Libraries/FreeRTOS/debug/libFreeRTOS_efm32_debug.a(tasks.o)
                0x0001d964                xTaskGetSchedulerState
 .text.vTaskPriorityInherit
                0x0001d9ac      0x144 ./../Libraries/FreeRTOS/debug/libFreeRTOS_efm32_debug.a(tasks.o)
                0x0001d9ac                vTaskPriorityInherit
 .text.xTaskPriorityDisinherit
                0x0001daf0      0x13c ./../Libraries/FreeRTOS/debug/libFreeRTOS_efm32_debug.a(tasks.o)
                0x0001daf0                xTaskPriorityDisinherit
 .text.pvTaskIncrementMutexHeldCount
                0x0001dc2c       0x38 ./../Libraries/FreeRTOS/debug/libFreeRTOS_efm32_debug.a(tasks.o)
                0x0001dc2c                pvTaskIncrementMutexHeldCount
 .text.xTimerCreateTimerTask
                0x0001dc64       0x78 ./../Libraries/FreeRTOS/debug/libFreeRTOS_efm32_debug.a(timers.o)
                0x0001dc64                xTimerCreateTimerTask
 .text.xTimerCreate
                0x0001dcdc       0x7c ./../Libraries/FreeRTOS/debug/libFreeRTOS_efm32_debug.a(timers.o)
                0x0001dcdc                xTimerCreate
 .text.xTimerGenericCommand
                0x0001dd58       0xac ./../Libraries/FreeRTOS/debug/libFreeRTOS_efm32_debug.a(timers.o)
                0x0001dd58                xTimerGenericCommand
 .text.prvProcessExpiredTimer
                0x0001de04       0x88 ./../Libraries/FreeRTOS/debug/libFreeRTOS_efm32_debug.a(timers.o)
 .text.prvTimerTask
                0x0001de8c       0x24 ./../Libraries/FreeRTOS/debug/libFreeRTOS_efm32_debug.a(timers.o)
 .text.prvProcessTimerOrBlockTask
                0x0001deb0       0x78 ./../Libraries/FreeRTOS/debug/libFreeRTOS_efm32_debug.a(timers.o)
 .text.prvGetNextExpireTime
                0x0001df28       0x54 ./../Libraries/FreeRTOS/debug/libFreeRTOS_efm32_debug.a(timers.o)
 .text.prvSampleTimeNow
                0x0001df7c       0x4c ./../Libraries/FreeRTOS/debug/libFreeRTOS_efm32_debug.a(timers.o)
 .text.prvInsertTimerInActiveList
                0x0001dfc8       0x94 ./../Libraries/FreeRTOS/debug/libFreeRTOS_efm32_debug.a(timers.o)
 .text.prvProcessReceivedCommands
                0x0001e05c      0x174 ./../Libraries/FreeRTOS/debug/libFreeRTOS_efm32_debug.a(timers.o)
 .text.prvSwitchTimerLists
                0x0001e1d0       0xf0 ./../Libraries/FreeRTOS/debug/libFreeRTOS_efm32_debug.a(timers.o)
 .text.prvCheckForValidListAndQueue
                0x0001e2c0       0xb8 ./../Libraries/FreeRTOS/debug/libFreeRTOS_efm32_debug.a(timers.o)
 .text.xTimerPendFunctionCallFromISR
                0x0001e378       0x4c ./../Libraries/FreeRTOS/debug/libFreeRTOS_efm32_debug.a(timers.o)
                0x0001e378                xTimerPendFunctionCallFromISR
 .text.pvPortMalloc
                0x0001e3c4      0x1e0 ./../Libraries/FreeRTOS/debug/libFreeRTOS_efm32_debug.a(heap_4.o)
                0x0001e3c4                pvPortMalloc
 .text.vPortFree
                0x0001e5a4       0xcc ./../Libraries/FreeRTOS/debug/libFreeRTOS_efm32_debug.a(heap_4.o)
                0x0001e5a4                vPortFree
 .text.prvHeapInit
                0x0001e670       0xfc ./../Libraries/FreeRTOS/debug/libFreeRTOS_efm32_debug.a(heap_4.o)
 .text.prvInsertBlockIntoFreeList
                0x0001e76c       0xbc ./../Libraries/FreeRTOS/debug/libFreeRTOS_efm32_debug.a(heap_4.o)
 .text.pxPortInitialiseStack
                0x0001e828       0x64 ./../Libraries/FreeRTOS/debug/libFreeRTOS_efm32_debug.a(port.o)
                0x0001e828                pxPortInitialiseStack
 .text.prvTaskExitError
                0x0001e88c       0x2c ./../Libraries/FreeRTOS/debug/libFreeRTOS_efm32_debug.a(port.o)
 .text.SVC_Handler
                0x0001e8b8       0x24 ./../Libraries/FreeRTOS/debug/libFreeRTOS_efm32_debug.a(port.o)
                0x0001e8b8                SVC_Handler
 .text.prvPortStartFirstTask
                0x0001e8dc       0x20 ./../Libraries/FreeRTOS/debug/libFreeRTOS_efm32_debug.a(port.o)
 .text.xPortStartScheduler
                0x0001e8fc      0x10c ./../Libraries/FreeRTOS/debug/libFreeRTOS_efm32_debug.a(port.o)
                0x0001e8fc                xPortStartScheduler
 .text.vPortYield
                0x0001ea08       0x20 ./../Libraries/FreeRTOS/debug/libFreeRTOS_efm32_debug.a(port.o)
                0x0001ea08                vPortYield
 .text.vPortEnterCritical
                0x0001ea28       0x58 ./../Libraries/FreeRTOS/debug/libFreeRTOS_efm32_debug.a(port.o)
                0x0001ea28                vPortEnterCritical
 .text.vPortExitCritical
                0x0001ea80       0x54 ./../Libraries/FreeRTOS/debug/libFreeRTOS_efm32_debug.a(port.o)
                0x0001ea80                vPortExitCritical
 .text.ulPortSetInterruptMask
                0x0001ead4       0x14 ./../Libraries/FreeRTOS/debug/libFreeRTOS_efm32_debug.a(port.o)
                0x0001ead4                ulPortSetInterruptMask
 .text.vPortClearInterruptMask
                0x0001eae8        0x8 ./../Libraries/FreeRTOS/debug/libFreeRTOS_efm32_debug.a(port.o)
                0x0001eae8                vPortClearInterruptMask
 .text.PendSV_Handler
                0x0001eaf0       0x44 ./../Libraries/FreeRTOS/debug/libFreeRTOS_efm32_debug.a(port.o)
                0x0001eaf0                PendSV_Handler
 .text.xPortSysTickHandler
                0x0001eb34       0x2c ./../Libraries/FreeRTOS/debug/libFreeRTOS_efm32_debug.a(port.o)
                0x0001eb34                xPortSysTickHandler
 .text.vPortSetupTimerInterrupt
                0x0001eb60       0x28 ./../Libraries/FreeRTOS/debug/libFreeRTOS_efm32_debug.a(port.o)
                0x0001eb60                vPortSetupTimerInterrupt
 .text.vPortValidateInterruptPriority
                0x0001eb88       0x78 ./../Libraries/FreeRTOS/debug/libFreeRTOS_efm32_debug.a(port.o)
                0x0001eb88                vPortValidateInterruptPriority
 .text.vListInitialise
                0x0001ec00       0x40 ./../Libraries/FreeRTOS/debug/libFreeRTOS_efm32_debug.a(list.o)
                0x0001ec00                vListInitialise
 .text.vListInitialiseItem
                0x0001ec40       0x1c ./../Libraries/FreeRTOS/debug/libFreeRTOS_efm32_debug.a(list.o)
                0x0001ec40                vListInitialiseItem
 .text.vListInsertEnd
                0x0001ec5c       0x48 ./../Libraries/FreeRTOS/debug/libFreeRTOS_efm32_debug.a(list.o)
                0x0001ec5c                vListInsertEnd
 .text.vListInsert
                0x0001eca4       0x74 ./../Libraries/FreeRTOS/debug/libFreeRTOS_efm32_debug.a(list.o)
                0x0001eca4                vListInsert
 .text.uxListRemove
                0x0001ed18       0x58 ./../Libraries/FreeRTOS/debug/libFreeRTOS_efm32_debug.a(list.o)
                0x0001ed18                uxListRemove
 .text.ADC_Init
                0x0001ed70       0x68 ./../Libraries/EMlib/debug/libEMLib_efm32_debug.a(em_adc.o)
                0x0001ed70                ADC_Init
 .text.ADC_PrescaleCalc
                0x0001edd8       0x78 ./../Libraries/EMlib/debug/libEMLib_efm32_debug.a(em_adc.o)
                0x0001edd8                ADC_PrescaleCalc
 .text.ADC_TimebaseCalc
                0x0001ee50       0x74 ./../Libraries/EMlib/debug/libEMLib_efm32_debug.a(em_adc.o)
                0x0001ee50                ADC_TimebaseCalc
 .text.BITBAND_Peripheral
                0x0001eec4       0x30 ./../Libraries/EMlib/debug/libEMLib_efm32_debug.a(em_cmu.o)
 .text.CMU_MaxFreqHfle
                0x0001eef4       0xb8 ./../Libraries/EMlib/debug/libEMLib_efm32_debug.a(em_cmu.o)
 .text.CMU_FlashWaitStateMax
                0x0001efac       0x68 ./../Libraries/EMlib/debug/libEMLib_efm32_debug.a(em_cmu.o)
 .text.CMU_DivToLog2
                0x0001f014       0x38 ./../Libraries/EMlib/debug/libEMLib_efm32_debug.a(em_cmu.o)
 .text.CMU_FlashWaitStateControl
                0x0001f04c       0xf4 ./../Libraries/EMlib/debug/libEMLib_efm32_debug.a(em_cmu.o)
 .text.CMU_USBCClkGet
                0x0001f140       0x50 ./../Libraries/EMlib/debug/libEMLib_efm32_debug.a(em_cmu.o)
 .text.CMU_AUXClkGet
                0x0001f190       0x9c ./../Libraries/EMlib/debug/libEMLib_efm32_debug.a(em_cmu.o)
 .text.CMU_DBGClkGet
                0x0001f22c       0x64 ./../Libraries/EMlib/debug/libEMLib_efm32_debug.a(em_cmu.o)
 .text.CMU_LFClkGet
                0x0001f290       0xd4 ./../Libraries/EMlib/debug/libEMLib_efm32_debug.a(em_cmu.o)
 .text.CMU_Sync
                0x0001f364       0x3c ./../Libraries/EMlib/debug/libEMLib_efm32_debug.a(em_cmu.o)
 .text.CMU_ClockDivSet
                0x0001f3a0      0x298 ./../Libraries/EMlib/debug/libEMLib_efm32_debug.a(em_cmu.o)
                0x0001f3a0                CMU_ClockDivSet
 .text.CMU_ClockEnable
                0x0001f638      0x10c ./../Libraries/EMlib/debug/libEMLib_efm32_debug.a(em_cmu.o)
                0x0001f638                CMU_ClockEnable
 .text.CMU_ClockFreqGet
                0x0001f744      0x1e8 ./../Libraries/EMlib/debug/libEMLib_efm32_debug.a(em_cmu.o)
                0x0001f744                CMU_ClockFreqGet
 .text.CMU_ClockSelectGet
                0x0001f92c      0x1a4 ./../Libraries/EMlib/debug/libEMLib_efm32_debug.a(em_cmu.o)
                0x0001f92c                CMU_ClockSelectGet
 .text.CMU_ClockSelectSet
                0x0001fad0      0x38c ./../Libraries/EMlib/debug/libEMLib_efm32_debug.a(em_cmu.o)
                0x0001fad0                CMU_ClockSelectSet
 .text.CMU_OscillatorEnable
                0x0001fe5c       0xe8 ./../Libraries/EMlib/debug/libEMLib_efm32_debug.a(em_cmu.o)
                0x0001fe5c                CMU_OscillatorEnable
 .text.MSC_Init
                0x0001ff44      0x108 ./../Libraries/EMlib/debug/libEMLib_efm32_debug.a(em_msc.o)
                0x0001ff44                MSC_Init
 .text.MSC_Deinit
                0x0002004c       0x30 ./../Libraries/EMlib/debug/libEMLib_efm32_debug.a(em_msc.o)
                0x0002004c                MSC_Deinit
 .text.NVIC_DisableIRQ
                0x0002007c       0x3c ./../Libraries/EMlib/debug/libEMLib_efm32_debug.a(em_dma.o)
 .text.BITBAND_Peripheral
                0x000200b8       0x30 ./../Libraries/EMlib/debug/libEMLib_efm32_debug.a(em_dma.o)
 .text.DMA_Prepare
                0x000200e8      0x138 ./../Libraries/EMlib/debug/libEMLib_efm32_debug.a(em_dma.o)
 .text.DMA_IRQHandler
                0x00020220      0x110 ./../Libraries/EMlib/debug/libEMLib_efm32_debug.a(em_dma.o)
                0x00020220                DMA_IRQHandler
 .text.DMA_ActivateBasic
                0x00020330       0x48 ./../Libraries/EMlib/debug/libEMLib_efm32_debug.a(em_dma.o)
                0x00020330                DMA_ActivateBasic
 .text.DMA_CfgChannel
                0x00020378       0xc0 ./../Libraries/EMlib/debug/libEMLib_efm32_debug.a(em_dma.o)
                0x00020378                DMA_CfgChannel
 .text.DMA_CfgDescr
                0x00020438       0x84 ./../Libraries/EMlib/debug/libEMLib_efm32_debug.a(em_dma.o)
                0x00020438                DMA_CfgDescr
 .text.DMA_Reset
                0x000204bc       0xd4 ./../Libraries/EMlib/debug/libEMLib_efm32_debug.a(em_dma.o)
                0x000204bc                DMA_Reset
 .text.EMU_UpdateOscConfig
                0x00020590       0x20 ./../Libraries/EMlib/debug/libEMLib_efm32_debug.a(em_emu.o)
                0x00020590                EMU_UpdateOscConfig
 .text.BITBAND_Peripheral
                0x000205b0       0x30 ./../Libraries/EMlib/debug/libEMLib_efm32_debug.a(em_gpio.o)
 .text.GPIO_DriveModeSet
                0x000205e0       0x60 ./../Libraries/EMlib/debug/libEMLib_efm32_debug.a(em_gpio.o)
                0x000205e0                GPIO_DriveModeSet
 .text.GPIO_IntConfig
                0x00020640       0xf4 ./../Libraries/EMlib/debug/libEMLib_efm32_debug.a(em_gpio.o)
                0x00020640                GPIO_IntConfig
 .text.GPIO_PinModeSet
                0x00020734      0x1b8 ./../Libraries/EMlib/debug/libEMLib_efm32_debug.a(em_gpio.o)
                0x00020734                GPIO_PinModeSet
 .text.BITBAND_Peripheral
                0x000208ec       0x30 ./../Libraries/EMlib/debug/libEMLib_efm32_debug.a(em_i2c.o)
 .text.I2C_BusFreqSet
                0x0002091c       0x94 ./../Libraries/EMlib/debug/libEMLib_efm32_debug.a(em_i2c.o)
                0x0002091c                I2C_BusFreqSet
 .text.I2C_Enable
                0x000209b0       0x40 ./../Libraries/EMlib/debug/libEMLib_efm32_debug.a(em_i2c.o)
                0x000209b0                I2C_Enable
 .text.I2C_Init
                0x000209f0       0x84 ./../Libraries/EMlib/debug/libEMLib_efm32_debug.a(em_i2c.o)
                0x000209f0                I2C_Init
 .text.I2C_Transfer
                0x00020a74      0x4ec ./../Libraries/EMlib/debug/libEMLib_efm32_debug.a(em_i2c.o)
                0x00020a74                I2C_Transfer
 .text.I2C_TransferInit
                0x00020f60      0x104 ./../Libraries/EMlib/debug/libEMLib_efm32_debug.a(em_i2c.o)
                0x00020f60                I2C_TransferInit
 .text.USART_BaudrateAsyncSet
                0x00021064       0xd0 ./../Libraries/EMlib/debug/libEMLib_efm32_debug.a(em_usart.o)
                0x00021064                USART_BaudrateAsyncSet
 .text.USART_BaudrateSyncSet
                0x00021134       0x7c ./../Libraries/EMlib/debug/libEMLib_efm32_debug.a(em_usart.o)
                0x00021134                USART_BaudrateSyncSet
 .text.USART_InitAsync
                0x000211b0       0xbc ./../Libraries/EMlib/debug/libEMLib_efm32_debug.a(em_usart.o)
                0x000211b0                USART_InitAsync
 .text.USART_Reset
                0x0002126c       0xd8 ./../Libraries/EMlib/debug/libEMLib_efm32_debug.a(em_usart.o)
                0x0002126c                USART_Reset
 .text.SYSTEM_ChipRevisionGet
                0x00021344       0x94 ./../Libraries/EMlib/debug/libEMLib_efm32_debug.a(em_system.o)
                0x00021344                SYSTEM_ChipRevisionGet
 .text.BITBAND_Peripheral
                0x000213d8       0x30 ./../Libraries/EMlib/debug/libEMLib_efm32_debug.a(em_wdog.o)
 .text.WDOG_Enable
                0x00021408       0x48 ./../Libraries/EMlib/debug/libEMLib_efm32_debug.a(em_wdog.o)
                0x00021408                WDOG_Enable
 .text.WDOG_Feed
                0x00021450       0x58 ./../Libraries/EMlib/debug/libEMLib_efm32_debug.a(em_wdog.o)
                0x00021450                WDOG_Feed
 .text.WDOG_Init
                0x000214a8       0xd8 ./../Libraries/EMlib/debug/libEMLib_efm32_debug.a(em_wdog.o)
                0x000214a8                WDOG_Init
 .text.WDOG_Lock
                0x00021580       0x30 ./../Libraries/EMlib/debug/libEMLib_efm32_debug.a(em_wdog.o)
                0x00021580                WDOG_Lock
 .text.NVIC_EnableIRQ
                0x000215b0       0x38 ./../Libraries/EMlib/debug/libEMLib_efm32_debug.a(em_usbd.o)
 .text.NVIC_ClearPendingIRQ
                0x000215e8       0x3c ./../Libraries/EMlib/debug/libEMLib_efm32_debug.a(em_usbd.o)
 .text.INT_Disable
                0x00021624       0x40 ./../Libraries/EMlib/debug/libEMLib_efm32_debug.a(em_usbd.o)
 .text.INT_Enable
                0x00021664       0x54 ./../Libraries/EMlib/debug/libEMLib_efm32_debug.a(em_usbd.o)
 .text.USBHAL_DisableGlobalInt
                0x000216b8       0x34 ./../Libraries/EMlib/debug/libEMLib_efm32_debug.a(em_usbd.o)
 .text.USBHAL_EnableGlobalInt
                0x000216ec       0x34 ./../Libraries/EMlib/debug/libEMLib_efm32_debug.a(em_usbd.o)
 .text.USBDHAL_EnableUsbResetAndSuspendInt
                0x00021720       0x38 ./../Libraries/EMlib/debug/libEMLib_efm32_debug.a(em_usbd.o)
 .text.USBDHAL_EpIsStalled
                0x00021758       0x3c ./../Libraries/EMlib/debug/libEMLib_efm32_debug.a(em_usbd.o)
 .text.USBDHAL_GetStallStatusEp
                0x00021794       0xc0 ./../Libraries/EMlib/debug/libEMLib_efm32_debug.a(em_usbd.o)
 .text.USBDHAL_SetEp0InDmaPtr
                0x00021854       0x28 ./../Libraries/EMlib/debug/libEMLib_efm32_debug.a(em_usbd.o)
 .text.USBDHAL_SetEp0OutDmaPtr
                0x0002187c       0x28 ./../Libraries/EMlib/debug/libEMLib_efm32_debug.a(em_usbd.o)
 .text.USBDHAL_StartEp0In
                0x000218a4       0x5c ./../Libraries/EMlib/debug/libEMLib_efm32_debug.a(em_usbd.o)
 .text.USBDHAL_StartEp0Out
                0x00021900       0x5c ./../Libraries/EMlib/debug/libEMLib_efm32_debug.a(em_usbd.o)
 .text.USBDHAL_StartEpIn
                0x0002195c       0xc8 ./../Libraries/EMlib/debug/libEMLib_efm32_debug.a(em_usbd.o)
 .text.USBDHAL_StartEpOut
                0x00021a24       0xd4 ./../Libraries/EMlib/debug/libEMLib_efm32_debug.a(em_usbd.o)
 .text.USBD_ArmEp
                0x00021af8       0x28 ./../Libraries/EMlib/debug/libEMLib_efm32_debug.a(em_usbd.o)
 .text.USBD_ArmEp0
                0x00021b20       0x88 ./../Libraries/EMlib/debug/libEMLib_efm32_debug.a(em_usbd.o)
 .text.USBD_ArmEpN
                0x00021ba8       0x28 ./../Libraries/EMlib/debug/libEMLib_efm32_debug.a(em_usbd.o)
 .text.USBD_GetEpFromAddr
                0x00021bd0       0xa0 ./../Libraries/EMlib/debug/libEMLib_efm32_debug.a(em_usbd.o)
 .text.USBD_Disconnect
                0x00021c70       0x14 ./../Libraries/EMlib/debug/libEMLib_efm32_debug.a(em_usbd.o)
                0x00021c70                USBD_Disconnect
 .text.USBD_GetUsbState